Component: Arm Compiler for Embedded 6.19 Tool: armlink [5e73cb00]

==============================================================================

Section Cross References

    startup_stm32f407xx.o(STACK) refers (Special) to heapauxi.o(.text) for __use_two_region_memory
    startup_stm32f407xx.o(HEAP) refers (Special) to heapauxi.o(.text) for __use_two_region_memory
    startup_stm32f407xx.o(RESET) refers (Special) to heapauxi.o(.text) for __use_two_region_memory
    startup_stm32f407xx.o(RESET) refers to startup_stm32f407xx.o(STACK) for __initial_sp
    startup_stm32f407xx.o(RESET) refers to startup_stm32f407xx.o(.text) for Reset_Handler
    startup_stm32f407xx.o(RESET) refers to stm32f4xx_it.o(.text.NMI_Handler) for NMI_Handler
    startup_stm32f407xx.o(RESET) refers to stm32f4xx_it.o(.text.HardFault_Handler) for HardFault_Handler
    startup_stm32f407xx.o(RESET) refers to stm32f4xx_it.o(.text.MemManage_Handler) for MemManage_Handler
    startup_stm32f407xx.o(RESET) refers to stm32f4xx_it.o(.text.BusFault_Handler) for BusFault_Handler
    startup_stm32f407xx.o(RESET) refers to stm32f4xx_it.o(.text.UsageFault_Handler) for UsageFault_Handler
    startup_stm32f407xx.o(RESET) refers to stm32f4xx_it.o(.text.SVC_Handler) for SVC_Handler
    startup_stm32f407xx.o(RESET) refers to stm32f4xx_it.o(.text.DebugMon_Handler) for DebugMon_Handler
    startup_stm32f407xx.o(RESET) refers to stm32f4xx_it.o(.text.PendSV_Handler) for PendSV_Handler
    startup_stm32f407xx.o(RESET) refers to stm32f4xx_it.o(.text.SysTick_Handler) for SysTick_Handler
    startup_stm32f407xx.o(.text) refers (Special) to heapauxi.o(.text) for __use_two_region_memory
    startup_stm32f407xx.o(.text) refers to system_stm32f4xx.o(.text.SystemInit) for SystemInit
    startup_stm32f407xx.o(.text) refers to __main.o(!!!main) for __main
    startup_stm32f407xx.o(.text) refers to startup_stm32f407xx.o(HEAP) for Heap_Mem
    startup_stm32f407xx.o(.text) refers to startup_stm32f407xx.o(STACK) for Stack_Mem
    main.o(.text.main) refers to stm32f4xx_hal.o(.text.HAL_Init) for HAL_Init
    main.o(.text.main) refers to main.o(.text.SystemClock_Config) for SystemClock_Config
    main.o(.text.main) refers to stm32f4xx_hal_gpio.o(.text.HAL_GPIO_WritePin) for HAL_GPIO_WritePin
    main.o(.text.main) refers to stm32f4xx_hal_gpio.o(.text.HAL_GPIO_Init) for HAL_GPIO_Init
    main.o(.text.main) refers to main.o(.bss.htim1) for htim1
    main.o(.text.main) refers to stm32f4xx_hal_tim.o(.text.HAL_TIM_Base_Init) for HAL_TIM_Base_Init
    main.o(.text.main) refers to stm32f4xx_hal_tim.o(.text.HAL_TIM_ConfigClockSource) for HAL_TIM_ConfigClockSource
    main.o(.text.main) refers to stm32f4xx_hal_tim_ex.o(.text.HAL_TIMEx_MasterConfigSynchronization) for HAL_TIMEx_MasterConfigSynchronization
    main.o(.ARM.exidx.text.main) refers to main.o(.text.main) for [Anonymous Symbol]
    main.o(.text.SystemClock_Config) refers to stm32f4xx_hal_rcc.o(.text.HAL_RCC_OscConfig) for HAL_RCC_OscConfig
    main.o(.text.SystemClock_Config) refers to stm32f4xx_hal_rcc.o(.text.HAL_RCC_ClockConfig) for HAL_RCC_ClockConfig
    main.o(.ARM.exidx.text.SystemClock_Config) refers to main.o(.text.SystemClock_Config) for [Anonymous Symbol]
    main.o(.ARM.exidx.text.Error_Handler) refers to main.o(.text.Error_Handler) for [Anonymous Symbol]
    stm32f4xx_it.o(.ARM.exidx.text.NMI_Handler) refers to stm32f4xx_it.o(.text.NMI_Handler) for [Anonymous Symbol]
    stm32f4xx_it.o(.ARM.exidx.text.HardFault_Handler) refers to stm32f4xx_it.o(.text.HardFault_Handler) for [Anonymous Symbol]
    stm32f4xx_it.o(.ARM.exidx.text.MemManage_Handler) refers to stm32f4xx_it.o(.text.MemManage_Handler) for [Anonymous Symbol]
    stm32f4xx_it.o(.ARM.exidx.text.BusFault_Handler) refers to stm32f4xx_it.o(.text.BusFault_Handler) for [Anonymous Symbol]
    stm32f4xx_it.o(.ARM.exidx.text.UsageFault_Handler) refers to stm32f4xx_it.o(.text.UsageFault_Handler) for [Anonymous Symbol]
    stm32f4xx_it.o(.ARM.exidx.text.SVC_Handler) refers to stm32f4xx_it.o(.text.SVC_Handler) for [Anonymous Symbol]
    stm32f4xx_it.o(.ARM.exidx.text.DebugMon_Handler) refers to stm32f4xx_it.o(.text.DebugMon_Handler) for [Anonymous Symbol]
    stm32f4xx_it.o(.ARM.exidx.text.PendSV_Handler) refers to stm32f4xx_it.o(.text.PendSV_Handler) for [Anonymous Symbol]
    stm32f4xx_it.o(.text.SysTick_Handler) refers to stm32f4xx_hal.o(.text.HAL_IncTick) for HAL_IncTick
    stm32f4xx_it.o(.ARM.exidx.text.SysTick_Handler) refers to stm32f4xx_it.o(.text.SysTick_Handler) for [Anonymous Symbol]
    stm32f4xx_hal_msp.o(.ARM.exidx.text.HAL_MspInit) refers to stm32f4xx_hal_msp.o(.text.HAL_MspInit) for [Anonymous Symbol]
    stm32f4xx_hal_msp.o(.ARM.exidx.text.HAL_TIM_Base_MspInit) refers to stm32f4xx_hal_msp.o(.text.HAL_TIM_Base_MspInit) for [Anonymous Symbol]
    stm32f4xx_hal_msp.o(.ARM.exidx.text.HAL_TIM_Base_MspDeInit) refers to stm32f4xx_hal_msp.o(.text.HAL_TIM_Base_MspDeInit) for [Anonymous Symbol]
[...]
    Removing stm32f4xx_hal_tim.o(.text.HAL_TIM_Encoder_MspDeInit), (2 bytes).
    Removing stm32f4xx_hal_tim.o(.ARM.exidx.text.HAL_TIM_Encoder_MspDeInit), (8 bytes).
    Removing stm32f4xx_hal_tim.o(.text.HAL_TIM_Encoder_Start), (188 bytes).
    Removing stm32f4xx_hal_tim.o(.ARM.exidx.text.HAL_TIM_Encoder_Start), (8 bytes).
    Removing stm32f4xx_hal_tim.o(.text.HAL_TIM_Encoder_Stop), (150 bytes).
    Removing stm32f4xx_hal_tim.o(.ARM.exidx.text.HAL_TIM_Encoder_Stop), (8 bytes).
    Removing stm32f4xx_hal_tim.o(.text.HAL_TIM_Encoder_Start_IT), (230 bytes).
    Removing stm32f4xx_hal_tim.o(.ARM.exidx.text.HAL_TIM_Encoder_Start_IT), (8 bytes).
    Removing stm32f4xx_hal_tim.o(.text.HAL_TIM_Encoder_Stop_IT), (214 bytes).
    Removing stm32f4xx_hal_tim.o(.ARM.exidx.text.HAL_TIM_Encoder_Stop_IT), (8 bytes).
    Removing stm32f4xx_hal_tim.o(.text.HAL_TIM_Encoder_Start_DMA), (528 bytes).
    Removing stm32f4xx_hal_tim.o(.ARM.exidx.text.HAL_TIM_Encoder_Start_DMA), (8 bytes).
    Removing stm32f4xx_hal_tim.o(.text.HAL_TIM_Encoder_Stop_DMA), (230 bytes).
    Removing stm32f4xx_hal_tim.o(.ARM.exidx.text.HAL_TIM_Encoder_Stop_DMA), (8 bytes).
    Removing stm32f4xx_hal_tim.o(.text.HAL_TIM_IRQHandler), (368 bytes).
    Removing stm32f4xx_hal_tim.o(.ARM.exidx.text.HAL_TIM_IRQHandler), (8 bytes).
    Removing stm32f4xx_hal_tim.o(.text.HAL_TIM_IC_CaptureCallback), (2 bytes).
    Removing stm32f4xx_hal_tim.o(.ARM.exidx.text.HAL_TIM_IC_CaptureCallback), (8 bytes).
    Removing stm32f4xx_hal_tim.o(.text.HAL_TIM_OC_DelayElapsedCallback), (2 bytes).
    Removing stm32f4xx_hal_tim.o(.ARM.exidx.text.HAL_TIM_OC_DelayElapsedCallback), (8 bytes).
    Removing stm32f4xx_hal_tim.o(.text.HAL_TIM_PWM_PulseFinishedCallback), (2 bytes).
    Removing stm32f4xx_hal_tim.o(.ARM.exidx.text.HAL_TIM_PWM_PulseFinishedCallback), (8 bytes).
    Removing stm32f4xx_hal_tim.o(.text.HAL_TIM_PeriodElapsedCallback), (2 bytes).
    Removing stm32f4xx_hal_tim.o(.ARM.exidx.text.HAL_TIM_PeriodElapsedCallback), (8 bytes).
    Removing stm32f4xx_hal_tim.o(.text.HAL_TIM_TriggerCallback), (2 bytes).
    Removing stm32f4xx_hal_tim.o(.ARM.exidx.text.HAL_TIM_TriggerCallback), (8 bytes).
    Removing stm32f4xx_hal_tim.o(.text.HAL_TIM_OC_ConfigChannel), (436 bytes).
    Removing stm32f4xx_hal_tim.o(.ARM.exidx.text.HAL_TIM_OC_ConfigChannel), (8 bytes).
    Removing stm32f4xx_hal_tim.o(.text.TIM_OC2_SetConfig), (104 bytes).
    Removing stm32f4xx_hal_tim.o(.ARM.exidx.text.TIM_OC2_SetConfig), (8 bytes).
    Removing stm32f4xx_hal_tim.o(.text.HAL_TIM_IC_ConfigChannel), (450 bytes).
    Removing stm32f4xx_hal_tim.o(.ARM.exidx.text.HAL_TIM_IC_ConfigChannel), (8 bytes).
    Removing stm32f4xx_hal_tim.o(.text.TIM_TI1_SetConfig), (174 bytes).
    Removing stm32f4xx_hal_tim.o(.ARM.exidx.text.TIM_TI1_SetConfig), (8 bytes).
    Removing stm32f4xx_hal_tim.o(.text.HAL_TIM_PWM_ConfigChannel), (546 bytes).
    Removing stm32f4xx_hal_tim.o(.ARM.exidx.text.HAL_TIM_PWM_ConfigChannel), (8 bytes).
    Removing stm32f4xx_hal_tim.o(.text.HAL_TIM_OnePulse_ConfigChannel), (578 bytes).
    Removing stm32f4xx_hal_tim.o(.ARM.exidx.text.HAL_TIM_OnePulse_ConfigChannel), (8 bytes).
    Removing stm32f4xx_hal_tim.o(.text.HAL_TIM_DMABurst_WriteStart), (28 bytes).
    Removing stm32f4xx_hal_tim.o(.ARM.exidx.text.HAL_TIM_DMABurst_WriteStart), (8 bytes).
    Removing stm32f4xx_hal_tim.o(.text.HAL_TIM_DMABurst_MultiWriteStart), (452 bytes).
    Removing stm32f4xx_hal_tim.o(.ARM.exidx.text.HAL_TIM_DMABurst_MultiWriteStart), (8 bytes).
    Removing stm32f4xx_hal_tim.o(.text.TIM_DMATriggerCplt), (20 bytes).
    Removing stm32f4xx_hal_tim.o(.ARM.exidx.text.TIM_DMATriggerCplt), (8 bytes).
    Removing stm32f4xx_hal_tim.o(.text.TIM_DMATriggerHalfCplt), (6 bytes).
    Removing stm32f4xx_hal_tim.o(.ARM.exidx.text.TIM_DMATriggerHalfCplt), (8 bytes).
    Removing stm32f4xx_hal_tim.o(.text.HAL_TIM_DMABurst_WriteStop), (132 bytes).
    Removing stm32f4xx_hal_tim.o(.ARM.exidx.text.HAL_TIM_DMABurst_WriteStop), (8 bytes).
    Removing stm32f4xx_hal_tim.o(.text.HAL_TIM_DMABurst_ReadStart), (28 bytes).
    Removing stm32f4xx_hal_tim.o(.ARM.exidx.text.HAL_TIM_DMABurst_ReadStart), (8 bytes).
    Removing stm32f4xx_hal_tim.o(.text.HAL_TIM_DMABurst_MultiReadStart), (452 bytes).
    Removing stm32f4xx_hal_tim.o(.ARM.exidx.text.HAL_TIM_DMABurst_MultiReadStart), (8 bytes).
    Removing stm32f4xx_hal_tim.o(.text.HAL_TIM_DMABurst_ReadStop), (132 bytes).
    Removing stm32f4xx_hal_tim.o(.ARM.exidx.text.HAL_TIM_DMABurst_ReadStop), (8 bytes).
    Removing stm32f4xx_hal_tim.o(.text.HAL_TIM_GenerateEvent), (36 bytes).
    Removing stm32f4xx_hal_tim.o(.ARM.exidx.text.HAL_TIM_GenerateEvent), (8 bytes).
    Removing stm32f4xx_hal_tim.o(.text.HAL_TIM_ConfigOCrefClear), (212 bytes).
    Removing stm32f4xx_hal_tim.o(.ARM.exidx.text.HAL_TIM_ConfigOCrefClear), (8 bytes).
    Removing stm32f4xx_hal_tim.o(.text.TIM_ETR_SetConfig), (22 bytes).
    Removing stm32f4xx_hal_tim.o(.ARM.exidx.text.TIM_ETR_SetConfig), (8 bytes).
    Removing stm32f4xx_hal_tim.o(.ARM.exidx.text.HAL_TIM_ConfigClockSource), (8 bytes).
    Removing stm32f4xx_hal_tim.o(.text.HAL_TIM_ConfigTI1Input), (16 bytes).
    Removing stm32f4xx_hal_tim.o(.ARM.exidx.text.HAL_TIM_ConfigTI1Input), (8 bytes).
    Removing stm32f4xx_hal_tim.o(.text.HAL_TIM_SlaveConfigSynchro), (88 bytes).
    Removing stm32f4xx_hal_tim.o(.ARM.exidx.text.HAL_TIM_SlaveConfigSynchro), (8 bytes).
    Removing stm32f4xx_hal_tim.o(.text.TIM_SlaveTimer_SetConfig), (250 bytes).
    Removing stm32f4xx_hal_tim.o(.ARM.exidx.text.TIM_SlaveTimer_SetConfig), (8 bytes).
    Removing stm32f4xx_hal_tim.o(.text.HAL_TIM_SlaveConfigSynchro_IT), (88 bytes).
    Removing stm32f4xx_hal_tim.o(.ARM.exidx.text.HAL_TIM_SlaveConfigSynchro_IT), (8 bytes).
    Removing stm32f4xx_hal_tim.o(.text.HAL_TIM_ReadCapturedValue), (52 bytes).
    Removing stm32f4xx_hal_tim.o(.ARM.exidx.text.HAL_TIM_ReadCapturedValue), (8 bytes).
    Removing stm32f4xx_hal_tim.o(.text.HAL_TIM_PeriodElapsedHalfCpltCallback), (2 bytes).
    Removing stm32f4xx_hal_tim.o(.ARM.exidx.text.HAL_TIM_PeriodElapsedHalfCpltCallback), (8 bytes).
    Removing stm32f4xx_hal_tim.o(.text.HAL_TIM_IC_CaptureHalfCpltCallback), (2 bytes).
    Removing stm32f4xx_hal_tim.o(.ARM.exidx.text.HAL_TIM_IC_CaptureHalfCpltCallback), (8 bytes).
    Removing stm32f4xx_hal_tim.o(.text.HAL_TIM_PWM_PulseFinishedHalfCpltCallback), (2 bytes).
    Removing stm32f4xx_hal_tim.o(.ARM.exidx.text.HAL_TIM_PWM_PulseFinishedHalfCpltCallback), (8 bytes).
    Removing stm32f4xx_hal_tim.o(.text.HAL_TIM_TriggerHalfCpltCallback), (2 bytes).
    Removing stm32f4xx_hal_tim.o(.ARM.exidx.text.HAL_TIM_TriggerHalfCpltCallback), (8 bytes).
    Removing stm32f4xx_hal_tim.o(.text.HAL_TIM_ErrorCallback), (2 bytes).
    Removing stm32f4xx_hal_tim.o(.ARM.exidx.text.HAL_TIM_ErrorCallback), (8 bytes).
    Removing stm32f4xx_hal_tim.o(.text.HAL_TIM_Base_GetState), (6 bytes).
    Removing stm32f4xx_hal_tim.o(.ARM.exidx.text.HAL_TIM_Base_GetState), (8 bytes).
    Removing stm32f4xx_hal_tim.o(.text.HAL_TIM_OC_GetState), (6 bytes).
    Removing stm32f4xx_hal_tim.o(.ARM.exidx.text.HAL_TIM_OC_GetState), (8 bytes).
    Removing stm32f4xx_hal_tim.o(.text.HAL_TIM_PWM_GetState), (6 bytes).
    Removing stm32f4xx_hal_tim.o(.ARM.exidx.text.HAL_TIM_PWM_GetState), (8 bytes).
    Removing stm32f4xx_hal_tim.o(.text.HAL_TIM_IC_GetState), (6 bytes).
    Removing stm32f4xx_hal_tim.o(.ARM.exidx.text.HAL_TIM_IC_GetState), (8 bytes).
    Removing stm32f4xx_hal_tim.o(.text.HAL_TIM_OnePulse_GetState), (6 bytes).
    Removing stm32f4xx_hal_tim.o(.ARM.exidx.text.HAL_TIM_OnePulse_GetState), (8 bytes).
    Removing stm32f4xx_hal_tim.o(.text.HAL_TIM_Encoder_GetState), (6 bytes).
    Removing stm32f4xx_hal_tim.o(.ARM.exidx.text.HAL_TIM_Encoder_GetState), (8 bytes).
    Removing stm32f4xx_hal_tim.o(.text.HAL_TIM_GetActiveChannel), (4 bytes).
    Removing stm32f4xx_hal_tim.o(.ARM.exidx.text.HAL_TIM_GetActiveChannel), (8 bytes).
    Removing stm32f4xx_hal_tim.o(.text.HAL_TIM_GetChannelState), (34 bytes).
    Removing stm32f4xx_hal_tim.o(.ARM.exidx.text.HAL_TIM_GetChannelState), (8 bytes).
    Removing stm32f4xx_hal_tim.o(.text.HAL_TIM_DMABurstState), (6 bytes).
    Removing stm32f4xx_hal_tim.o(.ARM.exidx.text.HAL_TIM_DMABurstState), (8 bytes).
    Removing stm32f4xx_hal_tim.o(.rodata.cst16), (32 bytes).
    Removing stm32f4xx_hal_tim_ex.o(.text), (0 bytes).
    Removing stm32f4xx_hal_tim_ex.o(.text.HAL_TIMEx_HallSensor_Init), (200 bytes).
    Removing stm32f4xx_hal_tim_ex.o(.ARM.exidx.text.HAL_TIMEx_HallSensor_Init), (8 bytes).
    Removing stm32f4xx_hal_tim_ex.o(.text.HAL_TIMEx_HallSensor_MspInit), (2 bytes).
    Removing stm32f4xx_hal_tim_ex.o(.ARM.exidx.text.HAL_TIMEx_HallSensor_MspInit), (8 bytes).
    Removing stm32f4xx_hal_tim_ex.o(.text.HAL_TIMEx_HallSensor_DeInit), (80 bytes).
    Removing stm32f4xx_hal_tim_ex.o(.ARM.exidx.text.HAL_TIMEx_HallSensor_DeInit), (8 bytes).
    Removing stm32f4xx_hal_tim_ex.o(.text.HAL_TIMEx_HallSensor_MspDeInit), (2 bytes).
    Removing stm32f4xx_hal_tim_ex.o(.ARM.exidx.text.HAL_TIMEx_HallSensor_MspDeInit), (8 bytes).
    Removing stm32f4xx_hal_tim_ex.o(.text.HAL_TIMEx_HallSensor_Start), (218 bytes).
    Removing stm32f4xx_hal_tim_ex.o(.ARM.exidx.text.HAL_TIMEx_HallSensor_Start), (8 bytes).
    Removing stm32f4xx_hal_tim_ex.o(.text.HAL_TIMEx_HallSensor_Stop), (66 bytes).
    Removing stm32f4xx_hal_tim_ex.o(.ARM.exidx.text.HAL_TIMEx_HallSensor_Stop), (8 bytes).
    Removing stm32f4xx_hal_tim_ex.o(.text.HAL_TIMEx_HallSensor_Start_IT), (226 bytes).
    Removing stm32f4xx_hal_tim_ex.o(.ARM.exidx.text.HAL_TIMEx_HallSensor_Start_IT), (8 bytes).
    Removing stm32f4xx_hal_tim_ex.o(.text.HAL_TIMEx_HallSensor_Stop_IT), (74 bytes).
    Removing stm32f4xx_hal_tim_ex.o(.ARM.exidx.text.HAL_TIMEx_HallSensor_Stop_IT), (8 bytes).
    Removing stm32f4xx_hal_tim_ex.o(.text.HAL_TIMEx_HallSensor_Start_DMA), (304 bytes).
    Removing stm32f4xx_hal_tim_ex.o(.ARM.exidx.text.HAL_TIMEx_HallSensor_Start_DMA), (8 bytes).
    Removing stm32f4xx_hal_tim_ex.o(.text.HAL_TIMEx_HallSensor_Stop_DMA), (74 bytes).
    Removing stm32f4xx_hal_tim_ex.o(.ARM.exidx.text.HAL_TIMEx_HallSensor_Stop_DMA), (8 bytes).
    Removing stm32f4xx_hal_tim_ex.o(.text.HAL_TIMEx_OCN_Start), (258 bytes).
    Removing stm32f4xx_hal_tim_ex.o(.ARM.exidx.text.HAL_TIMEx_OCN_Start), (8 bytes).
    Removing stm32f4xx_hal_tim_ex.o(.text.HAL_TIMEx_OCN_Stop), (146 bytes).
    Removing stm32f4xx_hal_tim_ex.o(.ARM.exidx.text.HAL_TIMEx_OCN_Stop), (8 bytes).
    Removing stm32f4xx_hal_tim_ex.o(.text.HAL_TIMEx_OCN_Start_IT), (274 bytes).
    Removing stm32f4xx_hal_tim_ex.o(.ARM.exidx.text.HAL_TIMEx_OCN_Start_IT), (8 bytes).
    Removing stm32f4xx_hal_tim_ex.o(.text.HAL_TIMEx_OCN_Stop_IT), (230 bytes).
    Removing stm32f4xx_hal_tim_ex.o(.ARM.exidx.text.HAL_TIMEx_OCN_Stop_IT), (8 bytes).
    Removing stm32f4xx_hal_tim_ex.o(.text.HAL_TIMEx_OCN_Start_DMA), (522 bytes).
    Removing stm32f4xx_hal_tim_ex.o(.ARM.exidx.text.HAL_TIMEx_OCN_Start_DMA), (8 bytes).
    Removing stm32f4xx_hal_tim_ex.o(.text.TIM_DMADelayPulseNCplt), (106 bytes).
    Removing stm32f4xx_hal_tim_ex.o(.ARM.exidx.text.TIM_DMADelayPulseNCplt), (8 bytes).
    Removing stm32f4xx_hal_tim_ex.o(.text.TIM_DMAErrorCCxN), (70 bytes).
    Removing stm32f4xx_hal_tim_ex.o(.ARM.exidx.text.TIM_DMAErrorCCxN), (8 bytes).
    Removing stm32f4xx_hal_tim_ex.o(.text.HAL_TIMEx_OCN_Stop_DMA), (192 bytes).
    Removing stm32f4xx_hal_tim_ex.o(.ARM.exidx.text.HAL_TIMEx_OCN_Stop_DMA), (8 bytes).
    Removing stm32f4xx_hal_tim_ex.o(.text.HAL_TIMEx_PWMN_Start), (258 bytes).
    Removing stm32f4xx_hal_tim_ex.o(.ARM.exidx.text.HAL_TIMEx_PWMN_Start), (8 bytes).
    Removing stm32f4xx_hal_tim_ex.o(.text.HAL_TIMEx_PWMN_Stop), (146 bytes).
    Removing stm32f4xx_hal_tim_ex.o(.ARM.exidx.text.HAL_TIMEx_PWMN_Stop), (8 bytes).
    Removing stm32f4xx_hal_tim_ex.o(.text.HAL_TIMEx_PWMN_Start_IT), (274 bytes).
    Removing stm32f4xx_hal_tim_ex.o(.ARM.exidx.text.HAL_TIMEx_PWMN_Start_IT), (8 bytes).
    Removing stm32f4xx_hal_tim_ex.o(.text.HAL_TIMEx_PWMN_Stop_IT), (230 bytes).
    Removing stm32f4xx_hal_tim_ex.o(.ARM.exidx.text.HAL_TIMEx_PWMN_Stop_IT), (8 bytes).
    Removing stm32f4xx_hal_tim_ex.o(.text.HAL_TIMEx_PWMN_Start_DMA), (522 bytes).
    Removing stm32f4xx_hal_tim_ex.o(.ARM.exidx.text.HAL_TIMEx_PWMN_Start_DMA), (8 bytes).
    Removing stm32f4xx_hal_tim_ex.o(.text.HAL_TIMEx_PWMN_Stop_DMA), (192 bytes).
    Removing stm32f4xx_hal_tim_ex.o(.ARM.exidx.text.HAL_TIMEx_PWMN_Stop_DMA), (8 bytes).
    Removing stm32f4xx_hal_tim_ex.o(.text.HAL_TIMEx_OnePulseN_Start), (120 bytes).
    Removing stm32f4xx_hal_tim_ex.o(.ARM.exidx.text.HAL_TIMEx_OnePulseN_Start), (8 bytes).
    Removing stm32f4xx_hal_tim_ex.o(.text.HAL_TIMEx_OnePulseN_Stop), (128 bytes).
    Removing stm32f4xx_hal_tim_ex.o(.ARM.exidx.text.HAL_TIMEx_OnePulseN_Stop), (8 bytes).
    Removing stm32f4xx_hal_tim_ex.o(.text.HAL_TIMEx_OnePulseN_Start_IT), (136 bytes).
    Removing stm32f4xx_hal_tim_ex.o(.ARM.exidx.text.HAL_TIMEx_OnePulseN_Start_IT), (8 bytes).
    Removing stm32f4xx_hal_tim_ex.o(.text.HAL_TIMEx_OnePulseN_Stop_IT), (144 bytes).
    Removing stm32f4xx_hal_tim_ex.o(.ARM.exidx.text.HAL_TIMEx_OnePulseN_Stop_IT), (8 bytes).
    Removing stm32f4xx_hal_tim_ex.o(.text.HAL_TIMEx_ConfigCommutEvent), (118 bytes).
    Removing stm32f4xx_hal_tim_ex.o(.ARM.exidx.text.HAL_TIMEx_ConfigCommutEvent), (8 bytes).
    Removing stm32f4xx_hal_tim_ex.o(.text.HAL_TIMEx_ConfigCommutEvent_IT), (118 bytes).
    Removing stm32f4xx_hal_tim_ex.o(.ARM.exidx.text.HAL_TIMEx_ConfigCommutEvent_IT), (8 bytes).
    Removing stm32f4xx_hal_tim_ex.o(.text.HAL_TIMEx_ConfigCommutEvent_DMA), (154 bytes).
    Removing stm32f4xx_hal_tim_ex.o(.ARM.exidx.text.HAL_TIMEx_ConfigCommutEvent_DMA), (8 bytes).
    Removing stm32f4xx_hal_tim_ex.o(.text.TIMEx_DMACommutationCplt), (12 bytes).
    Removing stm32f4xx_hal_tim_ex.o(.ARM.exidx.text.TIMEx_DMACommutationCplt), (8 bytes).
    Removing stm32f4xx_hal_tim_ex.o(.text.TIMEx_DMACommutationHalfCplt), (12 bytes).
    Removing stm32f4xx_hal_tim_ex.o(.ARM.exidx.text.TIMEx_DMACommutationHalfCplt), (8 bytes).
    Removing stm32f4xx_hal_tim_ex.o(.ARM.exidx.text.HAL_TIMEx_MasterConfigSynchronization), (8 bytes).
    Removing stm32f4xx_hal_tim_ex.o(.text.HAL_TIMEx_ConfigBreakDeadTime), (76 bytes).
    Removing stm32f4xx_hal_tim_ex.o(.ARM.exidx.text.HAL_TIMEx_ConfigBreakDeadTime), (8 bytes).
    Removing stm32f4xx_hal_tim_ex.o(.text.HAL_TIMEx_RemapConfig), (26 bytes).
    Removing stm32f4xx_hal_tim_ex.o(.ARM.exidx.text.HAL_TIMEx_RemapConfig), (8 bytes).
    Removing stm32f4xx_hal_tim_ex.o(.text.HAL_TIMEx_CommutCallback), (2 bytes).
    Removing stm32f4xx_hal_tim_ex.o(.ARM.exidx.text.HAL_TIMEx_CommutCallback), (8 bytes).
    Removing stm32f4xx_hal_tim_ex.o(.text.HAL_TIMEx_CommutHalfCpltCallback), (2 bytes).
    Removing stm32f4xx_hal_tim_ex.o(.ARM.exidx.text.HAL_TIMEx_CommutHalfCpltCallback), (8 bytes).
    Removing stm32f4xx_hal_tim_ex.o(.text.HAL_TIMEx_BreakCallback), (2 bytes).
    Removing stm32f4xx_hal_tim_ex.o(.ARM.exidx.text.HAL_TIMEx_BreakCallback), (8 bytes).
    Removing stm32f4xx_hal_tim_ex.o(.text.HAL_TIMEx_HallSensor_GetState), (6 bytes).
    Removing stm32f4xx_hal_tim_ex.o(.ARM.exidx.text.HAL_TIMEx_HallSensor_GetState), (8 bytes).
    Removing stm32f4xx_hal_tim_ex.o(.text.HAL_TIMEx_GetChannelNState), (34 bytes).
    Removing stm32f4xx_hal_tim_ex.o(.ARM.exidx.text.HAL_TIMEx_GetChannelNState), (8 bytes).
    Removing stm32f4xx_hal_rcc.o(.text), (0 bytes).
    Removing stm32f4xx_hal_rcc.o(.text.HAL_RCC_DeInit), (4 bytes).
    Removing stm32f4xx_hal_rcc.o(.ARM.exidx.text.HAL_RCC_DeInit), (8 bytes).
    Removing stm32f4xx_hal_rcc.o(.ARM.exidx.text.HAL_RCC_OscConfig), (8 bytes).
    Removing stm32f4xx_hal_rcc.o(.ARM.exidx.text.HAL_RCC_ClockConfig), (8 bytes).
    Removing stm32f4xx_hal_rcc.o(.ARM.exidx.text.HAL_RCC_GetSysClockFreq), (8 bytes).
    Removing stm32f4xx_hal_rcc.o(.text.HAL_RCC_MCOConfig), (168 bytes).
    Removing stm32f4xx_hal_rcc.o(.ARM.exidx.text.HAL_RCC_MCOConfig), (8 bytes).
    Removing stm32f4xx_hal_rcc.o(.text.HAL_RCC_EnableCSS), (12 bytes).
    Removing stm32f4xx_hal_rcc.o(.ARM.exidx.text.HAL_RCC_EnableCSS), (8 bytes).
    Removing stm32f4xx_hal_rcc.o(.text.HAL_RCC_DisableCSS), (12 bytes).
    Removing stm32f4xx_hal_rcc.o(.ARM.exidx.text.HAL_RCC_DisableCSS), (8 bytes).
    Removing stm32f4xx_hal_rcc.o(.text.HAL_RCC_GetHCLKFreq), (12 bytes).
    Removing stm32f4xx_hal_rcc.o(.ARM.exidx.text.HAL_RCC_GetHCLKFreq), (8 bytes).
    Removing stm32f4xx_hal_rcc.o(.text.HAL_RCC_GetPCLK1Freq), (38 bytes).
    Removing stm32f4xx_hal_rcc.o(.ARM.exidx.text.HAL_RCC_GetPCLK1Freq), (8 bytes).
    Removing stm32f4xx_hal_rcc.o(.text.HAL_RCC_GetPCLK2Freq), (38 bytes).
    Removing stm32f4xx_hal_rcc.o(.ARM.exidx.text.HAL_RCC_GetPCLK2Freq), (8 bytes).
    Removing stm32f4xx_hal_rcc.o(.text.HAL_RCC_GetOscConfig), (154 bytes).
    Removing stm32f4xx_hal_rcc.o(.ARM.exidx.text.HAL_RCC_GetOscConfig), (8 bytes).
    Removing stm32f4xx_hal_rcc.o(.text.HAL_RCC_GetClockConfig), (62 bytes).
    Removing stm32f4xx_hal_rcc.o(.ARM.exidx.text.HAL_RCC_GetClockConfig), (8 bytes).
    Removing stm32f4xx_hal_rcc.o(.text.HAL_RCC_NMI_IRQHandler), (28 bytes).
    Removing stm32f4xx_hal_rcc.o(.ARM.exidx.text.HAL_RCC_NMI_IRQHandler), (8 bytes).
    Removing stm32f4xx_hal_rcc.o(.text.HAL_RCC_CSSCallback), (2 bytes).
    Removing stm32f4xx_hal_rcc.o(.ARM.exidx.text.HAL_RCC_CSSCallback), (8 bytes).
    Removing stm32f4xx_hal_rcc_ex.o(.text), (0 bytes).
    Removing stm32f4xx_hal_rcc_ex.o(.text.HAL_RCCEx_PeriphCLKConfig), (330 bytes).
    Removing stm32f4xx_hal_rcc_ex.o(.ARM.exidx.text.HAL_RCCEx_PeriphCLKConfig), (8 bytes).
    Removing stm32f4xx_hal_rcc_ex.o(.text.HAL_RCCEx_GetPeriphCLKConfig), (50 bytes).
    Removing stm32f4xx_hal_rcc_ex.o(.ARM.exidx.text.HAL_RCCEx_GetPeriphCLKConfig), (8 bytes).
    Removing stm32f4xx_hal_rcc_ex.o(.text.HAL_RCCEx_GetPeriphCLKFreq), (80 bytes).
    Removing stm32f4xx_hal_rcc_ex.o(.ARM.exidx.text.HAL_RCCEx_GetPeriphCLKFreq), (8 bytes).
    Removing stm32f4xx_hal_rcc_ex.o(.text.HAL_RCCEx_EnablePLLI2S), (106 bytes).
    Removing stm32f4xx_hal_rcc_ex.o(.ARM.exidx.text.HAL_RCCEx_EnablePLLI2S), (8 bytes).
    Removing stm32f4xx_hal_rcc_ex.o(.text.HAL_RCCEx_DisablePLLI2S), (52 bytes).
    Removing stm32f4xx_hal_rcc_ex.o(.ARM.exidx.text.HAL_RCCEx_DisablePLLI2S), (8 bytes).
    Removing stm32f4xx_hal_rcc_ex.o(.text.HAL_RCC_DeInit), (296 bytes).
    Removing stm32f4xx_hal_rcc_ex.o(.ARM.exidx.text.HAL_RCC_DeInit), (8 bytes).
    Removing stm32f4xx_hal_flash.o(.text), (0 bytes).
    Removing stm32f4xx_hal_flash.o(.text.HAL_FLASH_Program), (288 bytes).
    Removing stm32f4xx_hal_flash.o(.ARM.exidx.text.HAL_FLASH_Program), (8 bytes).
    Removing stm32f4xx_hal_flash.o(.text.FLASH_WaitForLastOperation), (254 bytes).
    Removing stm32f4xx_hal_flash.o(.ARM.exidx.text.FLASH_WaitForLastOperation), (8 bytes).
    Removing stm32f4xx_hal_flash.o(.text.HAL_FLASH_Program_IT), (260 bytes).
    Removing stm32f4xx_hal_flash.o(.ARM.exidx.text.HAL_FLASH_Program_IT), (8 bytes).
    Removing stm32f4xx_hal_flash.o(.text.HAL_FLASH_IRQHandler), (316 bytes).
    Removing stm32f4xx_hal_flash.o(.ARM.exidx.text.HAL_FLASH_IRQHandler), (8 bytes).
    Removing stm32f4xx_hal_flash.o(.text.HAL_FLASH_OperationErrorCallback), (2 bytes).
    Removing stm32f4xx_hal_flash.o(.ARM.exidx.text.HAL_FLASH_OperationErrorCallback), (8 bytes).
    Removing stm32f4xx_hal_flash.o(.text.HAL_FLASH_EndOfOperationCallback), (2 bytes).
    Removing stm32f4xx_hal_flash.o(.ARM.exidx.text.HAL_FLASH_EndOfOperationCallback), (8 bytes).
    Removing stm32f4xx_hal_flash.o(.text.HAL_FLASH_Unlock), (46 bytes).
    Removing stm32f4xx_hal_flash.o(.ARM.exidx.text.HAL_FLASH_Unlock), (8 bytes).
    Removing stm32f4xx_hal_flash.o(.text.HAL_FLASH_Lock), (20 bytes).
    Removing stm32f4xx_hal_flash.o(.ARM.exidx.text.HAL_FLASH_Lock), (8 bytes).
    Removing stm32f4xx_hal_flash.o(.text.HAL_FLASH_OB_Unlock), (42 bytes).
    Removing stm32f4xx_hal_flash.o(.ARM.exidx.text.HAL_FLASH_OB_Unlock), (8 bytes).
    Removing stm32f4xx_hal_flash.o(.text.HAL_FLASH_OB_Lock), (20 bytes).
    Removing stm32f4xx_hal_flash.o(.ARM.exidx.text.HAL_FLASH_OB_Lock), (8 bytes).
    Removing stm32f4xx_hal_flash.o(.text.HAL_FLASH_OB_Launch), (24 bytes).
    Removing stm32f4xx_hal_flash.o(.ARM.exidx.text.HAL_FLASH_OB_Launch), (8 bytes).
    Removing stm32f4xx_hal_flash.o(.text.HAL_FLASH_GetError), (12 bytes).
    Removing stm32f4xx_hal_flash.o(.ARM.exidx.text.HAL_FLASH_GetError), (8 bytes).
    Removing stm32f4xx_hal_flash.o(.bss.pFlash), (32 bytes).
    Removing stm32f4xx_hal_flash_ex.o(.text), (0 bytes).
    Removing stm32f4xx_hal_flash_ex.o(.text.HAL_FLASHEx_Erase), (394 bytes).
    Removing stm32f4xx_hal_flash_ex.o(.ARM.exidx.text.HAL_FLASHEx_Erase), (8 bytes).
    Removing stm32f4xx_hal_flash_ex.o(.text.FLASH_Erase_Sector), (70 bytes).
    Removing stm32f4xx_hal_flash_ex.o(.ARM.exidx.text.FLASH_Erase_Sector), (8 bytes).
    Removing stm32f4xx_hal_flash_ex.o(.text.FLASH_FlushCaches), (88 bytes).
    Removing stm32f4xx_hal_flash_ex.o(.ARM.exidx.text.FLASH_FlushCaches), (8 bytes).
    Removing stm32f4xx_hal_flash_ex.o(.text.HAL_FLASHEx_Erase_IT), (184 bytes).
    Removing stm32f4xx_hal_flash_ex.o(.ARM.exidx.text.HAL_FLASHEx_Erase_IT), (8 bytes).
    Removing stm32f4xx_hal_flash_ex.o(.text.HAL_FLASHEx_OBProgram), (184 bytes).
    Removing stm32f4xx_hal_flash_ex.o(.ARM.exidx.text.HAL_FLASHEx_OBProgram), (8 bytes).
    Removing stm32f4xx_hal_flash_ex.o(.text.HAL_FLASHEx_OBGetConfig), (56 bytes).
    Removing stm32f4xx_hal_flash_ex.o(.ARM.exidx.text.HAL_FLASHEx_OBGetConfig), (8 bytes).
    Removing stm32f4xx_hal_flash_ramfunc.o(.text), (0 bytes).
    Removing stm32f4xx_hal_gpio.o(.text), (0 bytes).
    Removing stm32f4xx_hal_gpio.o(.ARM.exidx.text.HAL_GPIO_Init), (8 bytes).
    Removing stm32f4xx_hal_gpio.o(.text.HAL_GPIO_DeInit), (462 bytes).
    Removing stm32f4xx_hal_gpio.o(.ARM.exidx.text.HAL_GPIO_DeInit), (8 bytes).
    Removing stm32f4xx_hal_gpio.o(.text.HAL_GPIO_ReadPin), (10 bytes).
    Removing stm32f4xx_hal_gpio.o(.ARM.exidx.text.HAL_GPIO_ReadPin), (8 bytes).
    Removing stm32f4xx_hal_gpio.o(.ARM.exidx.text.HAL_GPIO_WritePin), (8 bytes).
    Removing stm32f4xx_hal_gpio.o(.text.HAL_GPIO_TogglePin), (16 bytes).
    Removing stm32f4xx_hal_gpio.o(.ARM.exidx.text.HAL_GPIO_TogglePin), (8 bytes).
    Removing stm32f4xx_hal_gpio.o(.text.HAL_GPIO_LockPin), (40 bytes).
    Removing stm32f4xx_hal_gpio.o(.ARM.exidx.text.HAL_GPIO_LockPin), (8 bytes).
    Removing stm32f4xx_hal_gpio.o(.text.HAL_GPIO_EXTI_IRQHandler), (22 bytes).
    Removing stm32f4xx_hal_gpio.o(.ARM.exidx.text.HAL_GPIO_EXTI_IRQHandler), (8 bytes).
    Removing stm32f4xx_hal_gpio.o(.text.HAL_GPIO_EXTI_Callback), (2 bytes).
    Removing stm32f4xx_hal_gpio.o(.ARM.exidx.text.HAL_GPIO_EXTI_Callback), (8 bytes).
    Removing stm32f4xx_hal_dma_ex.o(.text), (0 bytes).
    Removing stm32f4xx_hal_dma_ex.o(.text.HAL_DMAEx_MultiBufferStart), (114 bytes).
    Removing stm32f4xx_hal_dma_ex.o(.ARM.exidx.text.HAL_DMAEx_MultiBufferStart), (8 bytes).
    Removing stm32f4xx_hal_dma_ex.o(.text.HAL_DMAEx_MultiBufferStart_IT), (1240 bytes).
    Removing stm32f4xx_hal_dma_ex.o(.ARM.exidx.text.HAL_DMAEx_MultiBufferStart_IT), (8 bytes).
    Removing stm32f4xx_hal_dma_ex.o(.text.HAL_DMAEx_ChangeMemory), (20 bytes).
    Removing stm32f4xx_hal_dma_ex.o(.ARM.exidx.text.HAL_DMAEx_ChangeMemory), (8 bytes).
    Removing stm32f4xx_hal_dma.o(.text), (0 bytes).
    Removing stm32f4xx_hal_dma.o(.text.HAL_DMA_Init), (354 bytes).
    Removing stm32f4xx_hal_dma.o(.ARM.exidx.text.HAL_DMA_Init), (8 bytes).
    Removing stm32f4xx_hal_dma.o(.text.HAL_DMA_DeInit), (140 bytes).
    Removing stm32f4xx_hal_dma.o(.ARM.exidx.text.HAL_DMA_DeInit), (8 bytes).
    Removing stm32f4xx_hal_dma.o(.text.HAL_DMA_Start), (106 bytes).
    Removing stm32f4xx_hal_dma.o(.ARM.exidx.text.HAL_DMA_Start), (8 bytes).
    Removing stm32f4xx_hal_dma.o(.text.HAL_DMA_Start_IT), (158 bytes).
    Removing stm32f4xx_hal_dma.o(.ARM.exidx.text.HAL_DMA_Start_IT), (8 bytes).
    Removing stm32f4xx_hal_dma.o(.text.HAL_DMA_Abort), (142 bytes).
    Removing stm32f4xx_hal_dma.o(.ARM.exidx.text.HAL_DMA_Abort), (8 bytes).
    Removing stm32f4xx_hal_dma.o(.text.HAL_DMA_Abort_IT), (36 bytes).
    Removing stm32f4xx_hal_dma.o(.ARM.exidx.text.HAL_DMA_Abort_IT), (8 bytes).
    Removing stm32f4xx_hal_dma.o(.text.HAL_DMA_PollForTransfer), (454 bytes).
    Removing stm32f4xx_hal_dma.o(.ARM.exidx.text.HAL_DMA_PollForTransfer), (8 bytes).
    Removing stm32f4xx_hal_dma.o(.text.HAL_DMA_IRQHandler), (448 bytes).
    Removing stm32f4xx_hal_dma.o(.ARM.exidx.text.HAL_DMA_IRQHandler), (8 bytes).
    Removing stm32f4xx_hal_dma.o(.text.HAL_DMA_RegisterCallback), (106 bytes).
    Removing stm32f4xx_hal_dma.o(.ARM.exidx.text.HAL_DMA_RegisterCallback), (8 bytes).
    Removing stm32f4xx_hal_dma.o(.text.HAL_DMA_UnRegisterCallback), (156 bytes).
    Removing stm32f4xx_hal_dma.o(.ARM.exidx.text.HAL_DMA_UnRegisterCallback), (8 bytes).
    Removing stm32f4xx_hal_dma.o(.text.HAL_DMA_GetState), (6 bytes).
    Removing stm32f4xx_hal_dma.o(.ARM.exidx.text.HAL_DMA_GetState), (8 bytes).
    Removing stm32f4xx_hal_dma.o(.text.HAL_DMA_GetError), (4 bytes).
    Removing stm32f4xx_hal_dma.o(.ARM.exidx.text.HAL_DMA_GetError), (8 bytes).
    Removing stm32f4xx_hal_dma.o(.rodata.cst8), (8 bytes).
    Removing stm32f4xx_hal_pwr.o(.text), (0 bytes).
    Removing stm32f4xx_hal_pwr.o(.text.HAL_PWR_DeInit), (26 bytes).
    Removing stm32f4xx_hal_pwr.o(.ARM.exidx.text.HAL_PWR_DeInit), (8 bytes).
    Removing stm32f4xx_hal_pwr.o(.text.HAL_PWR_EnableBkUpAccess), (30 bytes).
    Removing stm32f4xx_hal_pwr.o(.ARM.exidx.text.HAL_PWR_EnableBkUpAccess), (8 bytes).
    Removing stm32f4xx_hal_pwr.o(.text.HAL_PWR_DisableBkUpAccess), (30 bytes).
    Removing stm32f4xx_hal_pwr.o(.ARM.exidx.text.HAL_PWR_DisableBkUpAccess), (8 bytes).
    Removing stm32f4xx_hal_pwr.o(.text.HAL_PWR_ConfigPVD), (130 bytes).
    Removing stm32f4xx_hal_pwr.o(.ARM.exidx.text.HAL_PWR_ConfigPVD), (8 bytes).
    Removing stm32f4xx_hal_pwr.o(.text.HAL_PWR_EnablePVD), (12 bytes).
    Removing stm32f4xx_hal_pwr.o(.ARM.exidx.text.HAL_PWR_EnablePVD), (8 bytes).
    Removing stm32f4xx_hal_pwr.o(.text.HAL_PWR_DisablePVD), (12 bytes).
    Removing stm32f4xx_hal_pwr.o(.ARM.exidx.text.HAL_PWR_DisablePVD), (8 bytes).
    Removing stm32f4xx_hal_pwr.o(.text.HAL_PWR_EnableWakeUpPin), (16 bytes).
    Removing stm32f4xx_hal_pwr.o(.ARM.exidx.text.HAL_PWR_EnableWakeUpPin), (8 bytes).
    Removing stm32f4xx_hal_pwr.o(.text.HAL_PWR_DisableWakeUpPin), (18 bytes).
    Removing stm32f4xx_hal_pwr.o(.ARM.exidx.text.HAL_PWR_DisableWakeUpPin), (8 bytes).
    Removing stm32f4xx_hal_pwr.o(.text.HAL_PWR_EnterSLEEPMode), (30 bytes).
    Removing stm32f4xx_hal_pwr.o(.ARM.exidx.text.HAL_PWR_EnterSLEEPMode), (8 bytes).
    Removing stm32f4xx_hal_pwr.o(.text.HAL_PWR_EnterSTOPMode), (60 bytes).
    Removing stm32f4xx_hal_pwr.o(.ARM.exidx.text.HAL_PWR_EnterSTOPMode), (8 bytes).
    Removing stm32f4xx_hal_pwr.o(.text.HAL_PWR_EnterSTANDBYMode), (36 bytes).
    Removing stm32f4xx_hal_pwr.o(.ARM.exidx.text.HAL_PWR_EnterSTANDBYMode), (8 bytes).
    Removing stm32f4xx_hal_pwr.o(.text.HAL_PWR_PVD_IRQHandler), (30 bytes).
    Removing stm32f4xx_hal_pwr.o(.ARM.exidx.text.HAL_PWR_PVD_IRQHandler), (8 bytes).
    Removing stm32f4xx_hal_pwr.o(.text.HAL_PWR_PVDCallback), (2 bytes).
    Removing stm32f4xx_hal_pwr.o(.ARM.exidx.text.HAL_PWR_PVDCallback), (8 bytes).
    Removing stm32f4xx_hal_pwr.o(.text.HAL_PWR_EnableSleepOnExit), (18 bytes).
    Removing stm32f4xx_hal_pwr.o(.ARM.exidx.text.HAL_PWR_EnableSleepOnExit), (8 bytes).
    Removing stm32f4xx_hal_pwr.o(.text.HAL_PWR_DisableSleepOnExit), (18 bytes).
    Removing stm32f4xx_hal_pwr.o(.ARM.exidx.text.HAL_PWR_DisableSleepOnExit), (8 bytes).
    Removing stm32f4xx_hal_pwr.o(.text.HAL_PWR_EnableSEVOnPend), (18 bytes).
    Removing stm32f4xx_hal_pwr.o(.ARM.exidx.text.HAL_PWR_EnableSEVOnPend), (8 bytes).
    Removing stm32f4xx_hal_pwr.o(.text.HAL_PWR_DisableSEVOnPend), (18 bytes).
    Removing stm32f4xx_hal_pwr.o(.ARM.exidx.text.HAL_PWR_DisableSEVOnPend), (8 bytes).
    Removing stm32f4xx_hal_pwr_ex.o(.text), (0 bytes).
    Removing stm32f4xx_hal_pwr_ex.o(.text.HAL_PWREx_EnableBkUpReg), (56 bytes).
    Removing stm32f4xx_hal_pwr_ex.o(.ARM.exidx.text.HAL_PWREx_EnableBkUpReg), (8 bytes).
    Removing stm32f4xx_hal_pwr_ex.o(.text.HAL_PWREx_DisableBkUpReg), (56 bytes).
    Removing stm32f4xx_hal_pwr_ex.o(.ARM.exidx.text.HAL_PWREx_DisableBkUpReg), (8 bytes).
    Removing stm32f4xx_hal_pwr_ex.o(.text.HAL_PWREx_EnableFlashPowerDown), (12 bytes).
    Removing stm32f4xx_hal_pwr_ex.o(.ARM.exidx.text.HAL_PWREx_EnableFlashPowerDown), (8 bytes).
    Removing stm32f4xx_hal_pwr_ex.o(.text.HAL_PWREx_DisableFlashPowerDown), (12 bytes).
    Removing stm32f4xx_hal_pwr_ex.o(.ARM.exidx.text.HAL_PWREx_DisableFlashPowerDown), (8 bytes).
    Removing stm32f4xx_hal_pwr_ex.o(.text.HAL_PWREx_GetVoltageRange), (16 bytes).
    Removing stm32f4xx_hal_pwr_ex.o(.ARM.exidx.text.HAL_PWREx_GetVoltageRange), (8 bytes).
    Removing stm32f4xx_hal_pwr_ex.o(.text.HAL_PWREx_ControlVoltageScaling), (102 bytes).
    Removing stm32f4xx_hal_pwr_ex.o(.ARM.exidx.text.HAL_PWREx_ControlVoltageScaling), (8 bytes).
    Removing stm32f4xx_hal_cortex.o(.text), (0 bytes).
    Removing stm32f4xx_hal_cortex.o(.ARM.exidx.text.HAL_NVIC_SetPriorityGrouping), (8 bytes).
    Removing stm32f4xx_hal_cortex.o(.ARM.exidx.text.HAL_NVIC_SetPriority), (8 bytes).
    Removing stm32f4xx_hal_cortex.o(.text.HAL_NVIC_EnableIRQ), (38 bytes).
    Removing stm32f4xx_hal_cortex.o(.ARM.exidx.text.HAL_NVIC_EnableIRQ), (8 bytes).
    Removing stm32f4xx_hal_cortex.o(.text.HAL_NVIC_DisableIRQ), (46 bytes).
    Removing stm32f4xx_hal_cortex.o(.ARM.exidx.text.HAL_NVIC_DisableIRQ), (8 bytes).
    Removing stm32f4xx_hal_cortex.o(.text.HAL_NVIC_SystemReset), (4 bytes).
    Removing stm32f4xx_hal_cortex.o(.ARM.exidx.text.HAL_NVIC_SystemReset), (8 bytes).
    Removing stm32f4xx_hal_cortex.o(.text.__NVIC_SystemReset), (42 bytes).
    Removing stm32f4xx_hal_cortex.o(.ARM.exidx.text.__NVIC_SystemReset), (8 bytes).
    Removing stm32f4xx_hal_cortex.o(.ARM.exidx.text.HAL_SYSTICK_Config), (8 bytes).
    Removing stm32f4xx_hal_cortex.o(.text.HAL_MPU_Disable), (26 bytes).
    Removing stm32f4xx_hal_cortex.o(.ARM.exidx.text.HAL_MPU_Disable), (8 bytes).
    Removing stm32f4xx_hal_cortex.o(.text.HAL_MPU_Enable), (32 bytes).
    Removing stm32f4xx_hal_cortex.o(.ARM.exidx.text.HAL_MPU_Enable), (8 bytes).
    Removing stm32f4xx_hal_cortex.o(.text.HAL_MPU_ConfigRegion), (96 bytes).
    Removing stm32f4xx_hal_cortex.o(.ARM.exidx.text.HAL_MPU_ConfigRegion), (8 bytes).
    Removing stm32f4xx_hal_cortex.o(.text.HAL_NVIC_GetPriorityGrouping), (16 bytes).
    Removing stm32f4xx_hal_cortex.o(.ARM.exidx.text.HAL_NVIC_GetPriorityGrouping), (8 bytes).
    Removing stm32f4xx_hal_cortex.o(.text.HAL_NVIC_GetPriority), (90 bytes).
    Removing stm32f4xx_hal_cortex.o(.ARM.exidx.text.HAL_NVIC_GetPriority), (8 bytes).
    Removing stm32f4xx_hal_cortex.o(.text.HAL_NVIC_SetPendingIRQ), (38 bytes).
    Removing stm32f4xx_hal_cortex.o(.ARM.exidx.text.HAL_NVIC_SetPendingIRQ), (8 bytes).
    Removing stm32f4xx_hal_cortex.o(.text.HAL_NVIC_GetPendingIRQ), (42 bytes).
    Removing stm32f4xx_hal_cortex.o(.ARM.exidx.text.HAL_NVIC_GetPendingIRQ), (8 bytes).
    Removing stm32f4xx_hal_cortex.o(.text.HAL_NVIC_ClearPendingIRQ), (38 bytes).
    Removing stm32f4xx_hal_cortex.o(.ARM.exidx.text.HAL_NVIC_ClearPendingIRQ), (8 bytes).
    Removing stm32f4xx_hal_cortex.o(.text.HAL_NVIC_GetActive), (42 bytes).
    Removing stm32f4xx_hal_cortex.o(.ARM.exidx.text.HAL_NVIC_GetActive), (8 bytes).
    Removing stm32f4xx_hal_cortex.o(.text.HAL_SYSTICK_CLKSourceConfig), (24 bytes).
    Removing stm32f4xx_hal_cortex.o(.ARM.exidx.text.HAL_SYSTICK_CLKSourceConfig), (8 bytes).
    Removing stm32f4xx_hal_cortex.o(.text.HAL_SYSTICK_IRQHandler), (4 bytes).
    Removing stm32f4xx_hal_cortex.o(.ARM.exidx.text.HAL_SYSTICK_IRQHandler), (8 bytes).
    Removing stm32f4xx_hal_cortex.o(.text.HAL_SYSTICK_Callback), (2 bytes).
    Removing stm32f4xx_hal_cortex.o(.ARM.exidx.text.HAL_SYSTICK_Callback), (8 bytes).
    Removing stm32f4xx_hal.o(.text), (0 bytes).
    Removing stm32f4xx_hal.o(.ARM.exidx.text.HAL_Init), (8 bytes).
    Removing stm32f4xx_hal.o(.ARM.exidx.text.HAL_InitTick), (8 bytes).
    Removing stm32f4xx_hal.o(.text.HAL_MspInit), (2 bytes).
    Removing stm32f4xx_hal.o(.ARM.exidx.text.HAL_MspInit), (8 bytes).
    Removing stm32f4xx_hal.o(.text.HAL_DeInit), (44 bytes).
    Removing stm32f4xx_hal.o(.ARM.exidx.text.HAL_DeInit), (8 bytes).
    Removing stm32f4xx_hal.o(.text.HAL_MspDeInit), (2 bytes).
    Removing stm32f4xx_hal.o(.ARM.exidx.text.HAL_MspDeInit), (8 bytes).
    Removing stm32f4xx_hal.o(.ARM.exidx.text.HAL_IncTick), (8 bytes).
    Removing stm32f4xx_hal.o(.ARM.exidx.text.HAL_GetTick), (8 bytes).
    Removing stm32f4xx_hal.o(.text.HAL_GetTickPrio), (12 bytes).
    Removing stm32f4xx_hal.o(.ARM.exidx.text.HAL_GetTickPrio), (8 bytes).
    Removing stm32f4xx_hal.o(.text.HAL_SetTickFreq), (38 bytes).
    Removing stm32f4xx_hal.o(.ARM.exidx.text.HAL_SetTickFreq), (8 bytes).
    Removing stm32f4xx_hal.o(.text.HAL_GetTickFreq), (12 bytes).
    Removing stm32f4xx_hal.o(.ARM.exidx.text.HAL_GetTickFreq), (8 bytes).
    Removing stm32f4xx_hal.o(.text.HAL_Delay), (40 bytes).
    Removing stm32f4xx_hal.o(.ARM.exidx.text.HAL_Delay), (8 bytes).
    Removing stm32f4xx_hal.o(.text.HAL_SuspendTick), (18 bytes).
    Removing stm32f4xx_hal.o(.ARM.exidx.text.HAL_SuspendTick), (8 bytes).
    Removing stm32f4xx_hal.o(.text.HAL_ResumeTick), (18 bytes).
    Removing stm32f4xx_hal.o(.ARM.exidx.text.HAL_ResumeTick), (8 bytes).
    Removing stm32f4xx_hal.o(.text.HAL_GetHalVersion), (10 bytes).
    Removing stm32f4xx_hal.o(.ARM.exidx.text.HAL_GetHalVersion), (8 bytes).
    Removing stm32f4xx_hal.o(.text.HAL_GetREVID), (14 bytes).
    Removing stm32f4xx_hal.o(.ARM.exidx.text.HAL_GetREVID), (8 bytes).
    Removing stm32f4xx_hal.o(.text.HAL_GetDEVID), (16 bytes).
    Removing stm32f4xx_hal.o(.ARM.exidx.text.HAL_GetDEVID), (8 bytes).
    Removing stm32f4xx_hal.o(.text.HAL_DBGMCU_EnableDBGSleepMode), (18 bytes).
    Removing stm32f4xx_hal.o(.ARM.exidx.text.HAL_DBGMCU_EnableDBGSleepMode), (8 bytes).
    Removing stm32f4xx_hal.o(.text.HAL_DBGMCU_DisableDBGSleepMode), (18 bytes).
    Removing stm32f4xx_hal.o(.ARM.exidx.text.HAL_DBGMCU_DisableDBGSleepMode), (8 bytes).
    Removing stm32f4xx_hal.o(.text.HAL_DBGMCU_EnableDBGStopMode), (18 bytes).
    Removing stm32f4xx_hal.o(.ARM.exidx.text.HAL_DBGMCU_EnableDBGStopMode), (8 bytes).
    Removing stm32f4xx_hal.o(.text.HAL_DBGMCU_DisableDBGStopMode), (18 bytes).
    Removing stm32f4xx_hal.o(.ARM.exidx.text.HAL_DBGMCU_DisableDBGStopMode), (8 bytes).
    Removing stm32f4xx_hal.o(.text.HAL_DBGMCU_EnableDBGStandbyMode), (18 bytes).
    Removing stm32f4xx_hal.o(.ARM.exidx.text.HAL_DBGMCU_EnableDBGStandbyMode), (8 bytes).
    Removing stm32f4xx_hal.o(.text.HAL_DBGMCU_DisableDBGStandbyMode), (18 bytes).
    Removing stm32f4xx_hal.o(.ARM.exidx.text.HAL_DBGMCU_DisableDBGStandbyMode), (8 bytes).
    Removing stm32f4xx_hal.o(.text.HAL_EnableCompensationCell), (14 bytes).
    Removing stm32f4xx_hal.o(.ARM.exidx.text.HAL_EnableCompensationCell), (8 bytes).
    Removing stm32f4xx_hal.o(.text.HAL_DisableCompensationCell), (14 bytes).
    Removing stm32f4xx_hal.o(.ARM.exidx.text.HAL_DisableCompensationCell), (8 bytes).
    Removing stm32f4xx_hal.o(.text.HAL_GetUIDw0), (12 bytes).
    Removing stm32f4xx_hal.o(.ARM.exidx.text.HAL_GetUIDw0), (8 bytes).
    Removing stm32f4xx_hal.o(.text.HAL_GetUIDw1), (12 bytes).
    Removing stm32f4xx_hal.o(.ARM.exidx.text.HAL_GetUIDw1), (8 bytes).
    Removing stm32f4xx_hal.o(.text.HAL_GetUIDw2), (12 bytes).
    Removing stm32f4xx_hal.o(.ARM.exidx.text.HAL_GetUIDw2), (8 bytes).
    Removing stm32f4xx_hal_exti.o(.text), (0 bytes).
    Removing stm32f4xx_hal_exti.o(.text.HAL_EXTI_SetConfigLine), (180 bytes).
    Removing stm32f4xx_hal_exti.o(.ARM.exidx.text.HAL_EXTI_SetConfigLine), (8 bytes).
    Removing stm32f4xx_hal_exti.o(.text.HAL_EXTI_GetConfigLine), (152 bytes).
    Removing stm32f4xx_hal_exti.o(.ARM.exidx.text.HAL_EXTI_GetConfigLine), (8 bytes).
    Removing stm32f4xx_hal_exti.o(.text.HAL_EXTI_ClearConfigLine), (136 bytes).
    Removing stm32f4xx_hal_exti.o(.ARM.exidx.text.HAL_EXTI_ClearConfigLine), (8 bytes).
    Removing stm32f4xx_hal_exti.o(.text.HAL_EXTI_RegisterCallback), (12 bytes).
    Removing stm32f4xx_hal_exti.o(.ARM.exidx.text.HAL_EXTI_RegisterCallback), (8 bytes).
    Removing stm32f4xx_hal_exti.o(.text.HAL_EXTI_GetHandle), (12 bytes).
    Removing stm32f4xx_hal_exti.o(.ARM.exidx.text.HAL_EXTI_GetHandle), (8 bytes).
    Removing stm32f4xx_hal_exti.o(.text.HAL_EXTI_IRQHandler), (42 bytes).
    Removing stm32f4xx_hal_exti.o(.ARM.exidx.text.HAL_EXTI_IRQHandler), (8 bytes).
    Removing stm32f4xx_hal_exti.o(.text.HAL_EXTI_GetPending), (28 bytes).
    Removing stm32f4xx_hal_exti.o(.ARM.exidx.text.HAL_EXTI_GetPending), (8 bytes).
    Removing stm32f4xx_hal_exti.o(.text.HAL_EXTI_ClearPending), (24 bytes).
    Removing stm32f4xx_hal_exti.o(.ARM.exidx.text.HAL_EXTI_ClearPending), (8 bytes).
    Removing stm32f4xx_hal_exti.o(.text.HAL_EXTI_GenerateSWI), (24 bytes).
    Removing stm32f4xx_hal_exti.o(.ARM.exidx.text.HAL_EXTI_GenerateSWI), (8 bytes).
    Removing system_stm32f4xx.o(.text), (0 bytes).
    Removing system_stm32f4xx.o(.ARM.exidx.text.SystemInit), (8 bytes).
    Removing system_stm32f4xx.o(.text.SystemCoreClockUpdate), (134 bytes).
    Removing system_stm32f4xx.o(.ARM.exidx.text.SystemCoreClockUpdate), (8 bytes).
    Removing system_stm32f4xx.o(.rodata.APBPrescTable), (8 bytes).
    Removing lv_disp.o(.text), (0 bytes).
    Removing lv_disp.o(.text.lv_disp_get_scr_act), (20 bytes).
    Removing lv_disp.o(.ARM.exidx.text.lv_disp_get_scr_act), (8 bytes).
    Removing lv_disp.o(.text.lv_disp_get_scr_prev), (20 bytes).
    Removing lv_disp.o(.ARM.exidx.text.lv_disp_get_scr_prev), (8 bytes).
    Removing lv_disp.o(.text.lv_disp_load_scr), (26 bytes).
    Removing lv_disp.o(.ARM.exidx.text.lv_disp_load_scr), (8 bytes).
    Removing lv_disp.o(.text.lv_scr_load_anim), (778 bytes).
    Removing lv_disp.o(.ARM.exidx.text.lv_scr_load_anim), (8 bytes).
    Removing lv_disp.o(.text.lv_disp_get_layer_top), (20 bytes).
    Removing lv_disp.o(.ARM.exidx.text.lv_disp_get_layer_top), (8 bytes).
    Removing lv_disp.o(.text.lv_disp_get_layer_sys), (20 bytes).
    Removing lv_disp.o(.ARM.exidx.text.lv_disp_get_layer_sys), (8 bytes).
    Removing lv_disp.o(.text.lv_disp_set_theme), (72 bytes).
    Removing lv_disp.o(.ARM.exidx.text.lv_disp_set_theme), (8 bytes).
    Removing lv_disp.o(.text.lv_disp_get_theme), (14 bytes).
    Removing lv_disp.o(.ARM.exidx.text.lv_disp_get_theme), (8 bytes).
    Removing lv_disp.o(.text.lv_disp_set_bg_color), (66 bytes).
    Removing lv_disp.o(.ARM.exidx.text.lv_disp_set_bg_color), (8 bytes).
    Removing lv_disp.o(.text.lv_disp_set_bg_image), (66 bytes).
    Removing lv_disp.o(.ARM.exidx.text.lv_disp_set_bg_image), (8 bytes).
    Removing lv_disp.o(.text.lv_disp_set_bg_opa), (68 bytes).
    Removing lv_disp.o(.ARM.exidx.text.lv_disp_set_bg_opa), (8 bytes).
    Removing lv_disp.o(.text.scr_load_internal), (82 bytes).
    Removing lv_disp.o(.ARM.exidx.text.scr_load_internal), (8 bytes).
    Removing lv_disp.o(.text.scr_load_anim_start), (48 bytes).
    Removing lv_disp.o(.ARM.exidx.text.scr_load_anim_start), (8 bytes).
    Removing lv_disp.o(.text.scr_anim_ready), (86 bytes).
    Removing lv_disp.o(.ARM.exidx.text.scr_anim_ready), (8 bytes).
    Removing lv_disp.o(.text.set_x_anim), (6 bytes).
    Removing lv_disp.o(.ARM.exidx.text.set_x_anim), (8 bytes).
    Removing lv_disp.o(.text.set_y_anim), (6 bytes).
    Removing lv_disp.o(.ARM.exidx.text.set_y_anim), (8 bytes).
    Removing lv_disp.o(.text.opa_scale_anim), (8 bytes).
    Removing lv_disp.o(.ARM.exidx.text.opa_scale_anim), (8 bytes).
    Removing lv_disp.o(.text.lv_disp_get_inactive_time), (70 bytes).
    Removing lv_disp.o(.ARM.exidx.text.lv_disp_get_inactive_time), (8 bytes).
    Removing lv_disp.o(.text.lv_disp_trig_activity), (28 bytes).
    Removing lv_disp.o(.ARM.exidx.text.lv_disp_trig_activity), (8 bytes).
    Removing lv_disp.o(.text.lv_disp_clean_dcache), (30 bytes).
    Removing lv_disp.o(.ARM.exidx.text.lv_disp_clean_dcache), (8 bytes).
    Removing lv_disp.o(.text.lv_disp_enable_invalidation), (38 bytes).
    Removing lv_disp.o(.ARM.exidx.text.lv_disp_enable_invalidation), (8 bytes).
    Removing lv_disp.o(.text.lv_disp_is_invalidation_enabled), (28 bytes).
    Removing lv_disp.o(.ARM.exidx.text.lv_disp_is_invalidation_enabled), (8 bytes).
    Removing lv_disp.o(.text._lv_disp_get_refr_timer), (20 bytes).
    Removing lv_disp.o(.ARM.exidx.text._lv_disp_get_refr_timer), (8 bytes).
    Removing lv_event.o(.text), (0 bytes).
    Removing lv_event.o(.text.lv_event_send), (58 bytes).
    Removing lv_event.o(.ARM.exidx.text.lv_event_send), (8 bytes).
    Removing lv_event.o(.text.event_send_core), (400 bytes).
    Removing lv_event.o(.ARM.exidx.text.event_send_core), (8 bytes).
    Removing lv_event.o(.text.lv_obj_event_base), (68 bytes).
    Removing lv_event.o(.ARM.exidx.text.lv_obj_event_base), (8 bytes).
    Removing lv_event.o(.text.lv_event_get_target), (4 bytes).
    Removing lv_event.o(.ARM.exidx.text.lv_event_get_target), (8 bytes).
    Removing lv_event.o(.text.lv_event_get_current_target), (4 bytes).
    Removing lv_event.o(.ARM.exidx.text.lv_event_get_current_target), (8 bytes).
    Removing lv_event.o(.text.lv_event_get_code), (8 bytes).
    Removing lv_event.o(.ARM.exidx.text.lv_event_get_code), (8 bytes).
    Removing lv_event.o(.text.lv_event_get_param), (4 bytes).
    Removing lv_event.o(.ARM.exidx.text.lv_event_get_param), (8 bytes).
    Removing lv_event.o(.text.lv_event_get_user_data), (4 bytes).
    Removing lv_event.o(.ARM.exidx.text.lv_event_get_user_data), (8 bytes).
    Removing lv_event.o(.text.lv_event_stop_bubbling), (10 bytes).
    Removing lv_event.o(.ARM.exidx.text.lv_event_stop_bubbling), (8 bytes).
    Removing lv_event.o(.text.lv_event_stop_processing), (10 bytes).
    Removing lv_event.o(.ARM.exidx.text.lv_event_stop_processing), (8 bytes).
    Removing lv_event.o(.text.lv_event_register_id), (16 bytes).
    Removing lv_event.o(.ARM.exidx.text.lv_event_register_id), (8 bytes).
    Removing lv_event.o(.text._lv_event_mark_deleted), (42 bytes).
    Removing lv_event.o(.ARM.exidx.text._lv_event_mark_deleted), (8 bytes).
    Removing lv_event.o(.text.lv_obj_add_event_cb), (142 bytes).
    Removing lv_event.o(.ARM.exidx.text.lv_obj_add_event_cb), (8 bytes).
    Removing lv_event.o(.text.lv_obj_remove_event_cb), (344 bytes).
    Removing lv_event.o(.ARM.exidx.text.lv_obj_remove_event_cb), (8 bytes).
    Removing lv_event.o(.text.lv_obj_remove_event_cb_with_user_data), (414 bytes).
    Removing lv_event.o(.ARM.exidx.text.lv_obj_remove_event_cb_with_user_data), (8 bytes).
    Removing lv_event.o(.text.lv_obj_remove_event_dsc), (330 bytes).
    Removing lv_event.o(.ARM.exidx.text.lv_obj_remove_event_dsc), (8 bytes).
    Removing lv_event.o(.text.lv_obj_get_event_user_data), (142 bytes).
    Removing lv_event.o(.ARM.exidx.text.lv_obj_get_event_user_data), (8 bytes).
    Removing lv_event.o(.text.lv_event_get_indev), (14 bytes).
    Removing lv_event.o(.ARM.exidx.text.lv_event_get_indev), (8 bytes).
    Removing lv_event.o(.text.lv_event_get_draw_part_dsc), (16 bytes).
    Removing lv_event.o(.ARM.exidx.text.lv_event_get_draw_part_dsc), (8 bytes).
    Removing lv_event.o(.text.lv_event_get_draw_ctx), (14 bytes).
    Removing lv_event.o(.ARM.exidx.text.lv_event_get_draw_ctx), (8 bytes).
    Removing lv_event.o(.text.lv_event_get_old_size), (12 bytes).
    Removing lv_event.o(.ARM.exidx.text.lv_event_get_old_size), (8 bytes).
    Removing lv_event.o(.text.lv_event_get_key), (20 bytes).
    Removing lv_event.o(.ARM.exidx.text.lv_event_get_key), (8 bytes).
    Removing lv_event.o(.text.lv_event_get_scroll_anim), (12 bytes).
    Removing lv_event.o(.ARM.exidx.text.lv_event_get_scroll_anim), (8 bytes).
    Removing lv_event.o(.text.lv_event_set_ext_draw_size), (24 bytes).
    Removing lv_event.o(.ARM.exidx.text.lv_event_set_ext_draw_size), (8 bytes).
    Removing lv_event.o(.text.lv_event_get_self_size_info), (12 bytes).
    Removing lv_event.o(.ARM.exidx.text.lv_event_get_self_size_info), (8 bytes).
    Removing lv_event.o(.text.lv_event_get_hit_test_info), (12 bytes).
    Removing lv_event.o(.ARM.exidx.text.lv_event_get_hit_test_info), (8 bytes).
    Removing lv_event.o(.text.lv_event_get_cover_area), (14 bytes).
    Removing lv_event.o(.ARM.exidx.text.lv_event_get_cover_area), (8 bytes).
    Removing lv_event.o(.text.lv_event_set_cover_res), (20 bytes).
    Removing lv_event.o(.ARM.exidx.text.lv_event_set_cover_res), (8 bytes).
    Removing lv_event.o(.bss.event_head), (4 bytes).
    Removing lv_event.o(.data.lv_event_register_id.last_id), (4 bytes).
    Removing lv_group.o(.text), (0 bytes).
    Removing lv_group.o(.text._lv_group_init), (14 bytes).
    Removing lv_group.o(.ARM.exidx.text._lv_group_init), (8 bytes).
    Removing lv_group.o(.text.lv_group_create), (50 bytes).
    Removing lv_group.o(.ARM.exidx.text.lv_group_create), (8 bytes).
    Removing lv_group.o(.text.lv_group_del), (228 bytes).
    Removing lv_group.o(.ARM.exidx.text.lv_group_del), (8 bytes).
    Removing lv_group.o(.text.lv_group_set_default), (12 bytes).
    Removing lv_group.o(.ARM.exidx.text.lv_group_set_default), (8 bytes).
    Removing lv_group.o(.text.lv_group_get_default), (12 bytes).
    Removing lv_group.o(.ARM.exidx.text.lv_group_get_default), (8 bytes).
    Removing lv_group.o(.text.lv_group_add_obj), (308 bytes).
    Removing lv_group.o(.ARM.exidx.text.lv_group_add_obj), (8 bytes).
    Removing lv_group.o(.text.lv_group_remove_obj), (344 bytes).
    Removing lv_group.o(.ARM.exidx.text.lv_group_remove_obj), (8 bytes).
    Removing lv_group.o(.text.lv_group_swap_obj), (100 bytes).
    Removing lv_group.o(.ARM.exidx.text.lv_group_swap_obj), (8 bytes).
    Removing lv_group.o(.text.lv_group_focus_obj), (314 bytes).
    Removing lv_group.o(.ARM.exidx.text.lv_group_focus_obj), (8 bytes).
    Removing lv_group.o(.text.lv_group_remove_all_objs), (152 bytes).
    Removing lv_group.o(.ARM.exidx.text.lv_group_remove_all_objs), (8 bytes).
    Removing lv_group.o(.text.lv_group_set_editing), (156 bytes).
    Removing lv_group.o(.ARM.exidx.text.lv_group_set_editing), (8 bytes).
    Removing lv_group.o(.text.lv_group_focus_next), (46 bytes).
    Removing lv_group.o(.ARM.exidx.text.lv_group_focus_next), (8 bytes).
    Removing lv_group.o(.text.focus_next_core), (416 bytes).
    Removing lv_group.o(.ARM.exidx.text.focus_next_core), (8 bytes).
    Removing lv_group.o(.text.lv_group_focus_prev), (46 bytes).
    Removing lv_group.o(.ARM.exidx.text.lv_group_focus_prev), (8 bytes).
    Removing lv_group.o(.text.lv_group_focus_freeze), (12 bytes).
    Removing lv_group.o(.ARM.exidx.text.lv_group_focus_freeze), (8 bytes).
    Removing lv_group.o(.text.lv_group_send_data), (46 bytes).
    Removing lv_group.o(.ARM.exidx.text.lv_group_send_data), (8 bytes).
    Removing lv_group.o(.text.lv_group_get_focused), (16 bytes).
    Removing lv_group.o(.ARM.exidx.text.lv_group_get_focused), (8 bytes).
    Removing lv_group.o(.text.lv_group_set_focus_cb), (4 bytes).
    Removing lv_group.o(.ARM.exidx.text.lv_group_set_focus_cb), (8 bytes).
    Removing lv_group.o(.text.lv_group_set_edge_cb), (4 bytes).
    Removing lv_group.o(.ARM.exidx.text.lv_group_set_edge_cb), (8 bytes).
    Removing lv_group.o(.text.lv_group_set_refocus_policy), (18 bytes).
    Removing lv_group.o(.ARM.exidx.text.lv_group_set_refocus_policy), (8 bytes).
    Removing lv_group.o(.text.lv_group_set_wrap), (14 bytes).
    Removing lv_group.o(.ARM.exidx.text.lv_group_set_wrap), (8 bytes).
    Removing lv_group.o(.text.lv_group_get_focus_cb), (10 bytes).
    Removing lv_group.o(.ARM.exidx.text.lv_group_get_focus_cb), (8 bytes).
    Removing lv_group.o(.text.lv_group_get_edge_cb), (10 bytes).
    Removing lv_group.o(.ARM.exidx.text.lv_group_get_edge_cb), (8 bytes).
    Removing lv_group.o(.text.lv_group_get_editing), (14 bytes).
    Removing lv_group.o(.ARM.exidx.text.lv_group_get_editing), (8 bytes).
    Removing lv_group.o(.text.lv_group_get_wrap), (14 bytes).
    Removing lv_group.o(.ARM.exidx.text.lv_group_get_wrap), (8 bytes).
    Removing lv_group.o(.text.lv_group_get_obj_count), (4 bytes).
    Removing lv_group.o(.ARM.exidx.text.lv_group_get_obj_count), (8 bytes).
    Removing lv_group.o(.bss.default_group), (4 bytes).
    Removing lv_indev.o(.text), (0 bytes).
    Removing lv_indev.o(.text.lv_indev_read_timer_cb), (1952 bytes).
    Removing lv_indev.o(.ARM.exidx.text.lv_indev_read_timer_cb), (8 bytes).
    Removing lv_indev.o(.text.lv_indev_enable), (64 bytes).
    Removing lv_indev.o(.ARM.exidx.text.lv_indev_enable), (8 bytes).
    Removing lv_indev.o(.text.lv_indev_get_act), (12 bytes).
    Removing lv_indev.o(.ARM.exidx.text.lv_indev_get_act), (8 bytes).
    Removing lv_indev.o(.text.lv_indev_get_type), (12 bytes).
    Removing lv_indev.o(.ARM.exidx.text.lv_indev_get_type), (8 bytes).
    Removing lv_indev.o(.text.lv_indev_reset), (214 bytes).
    Removing lv_indev.o(.ARM.exidx.text.lv_indev_reset), (8 bytes).
    Removing lv_indev.o(.text.lv_indev_reset_long_press), (26 bytes).
    Removing lv_indev.o(.ARM.exidx.text.lv_indev_reset_long_press), (8 bytes).
    Removing lv_indev.o(.text.lv_indev_set_cursor), (68 bytes).
    Removing lv_indev.o(.ARM.exidx.text.lv_indev_set_cursor), (8 bytes).
    Removing lv_indev.o(.text.lv_indev_set_group), (20 bytes).
    Removing lv_indev.o(.ARM.exidx.text.lv_indev_set_group), (8 bytes).
    Removing lv_indev.o(.text.lv_indev_set_button_points), (12 bytes).
    Removing lv_indev.o(.ARM.exidx.text.lv_indev_set_button_points), (8 bytes).
    Removing lv_indev.o(.text.lv_indev_get_point), (46 bytes).
    Removing lv_indev.o(.ARM.exidx.text.lv_indev_get_point), (8 bytes).
    Removing lv_indev.o(.text.lv_indev_get_gesture_dir), (8 bytes).
    Removing lv_indev.o(.ARM.exidx.text.lv_indev_get_gesture_dir), (8 bytes).
    Removing lv_indev.o(.text.lv_indev_get_key), (14 bytes).
    Removing lv_indev.o(.ARM.exidx.text.lv_indev_get_key), (8 bytes).
    Removing lv_indev.o(.text.lv_indev_get_scroll_dir), (28 bytes).
    Removing lv_indev.o(.ARM.exidx.text.lv_indev_get_scroll_dir), (8 bytes).
    Removing lv_indev.o(.text.lv_indev_get_scroll_obj), (22 bytes).
    Removing lv_indev.o(.ARM.exidx.text.lv_indev_get_scroll_obj), (8 bytes).
    Removing lv_indev.o(.text.lv_indev_get_vect), (30 bytes).
    Removing lv_indev.o(.ARM.exidx.text.lv_indev_get_vect), (8 bytes).
    Removing lv_indev.o(.text.lv_indev_wait_release), (16 bytes).
    Removing lv_indev.o(.ARM.exidx.text.lv_indev_wait_release), (8 bytes).
    Removing lv_indev.o(.text.lv_indev_get_obj_act), (12 bytes).
    Removing lv_indev.o(.ARM.exidx.text.lv_indev_get_obj_act), (8 bytes).
    Removing lv_indev.o(.text.lv_indev_get_read_timer), (10 bytes).
    Removing lv_indev.o(.ARM.exidx.text.lv_indev_get_read_timer), (8 bytes).
    Removing lv_indev.o(.text.lv_indev_search_obj), (136 bytes).
    Removing lv_indev.o(.ARM.exidx.text.lv_indev_search_obj), (8 bytes).
    Removing lv_indev.o(.text.indev_proc_press), (616 bytes).
    Removing lv_indev.o(.ARM.exidx.text.indev_proc_press), (8 bytes).
    Removing lv_indev.o(.text.indev_proc_release), (314 bytes).
    Removing lv_indev.o(.ARM.exidx.text.indev_proc_release), (8 bytes).
    Removing lv_indev.o(.text.indev_gesture), (252 bytes).
    Removing lv_indev.o(.ARM.exidx.text.indev_gesture), (8 bytes).
    Removing lv_indev.o(.bss..L_MergedGlobals), (8 bytes).
    Removing lv_indev_scroll.o(.text), (0 bytes).
    Removing lv_indev_scroll.o(.text._lv_indev_scroll_handler), (1558 bytes).
    Removing lv_indev_scroll.o(.ARM.exidx.text._lv_indev_scroll_handler), (8 bytes).
    Removing lv_indev_scroll.o(.text.elastic_diff), (410 bytes).
    Removing lv_indev_scroll.o(.ARM.exidx.text.elastic_diff), (8 bytes).
    Removing lv_indev_scroll.o(.text._lv_indev_scroll_throw_handler), (804 bytes).
    Removing lv_indev_scroll.o(.ARM.exidx.text._lv_indev_scroll_throw_handler), (8 bytes).
    Removing lv_indev_scroll.o(.text.find_snap_point_y), (308 bytes).
    Removing lv_indev_scroll.o(.ARM.exidx.text.find_snap_point_y), (8 bytes).
    Removing lv_indev_scroll.o(.text.find_snap_point_x), (308 bytes).
    Removing lv_indev_scroll.o(.ARM.exidx.text.find_snap_point_x), (8 bytes).
    Removing lv_indev_scroll.o(.text.lv_indev_scroll_throw_predict), (140 bytes).
    Removing lv_indev_scroll.o(.ARM.exidx.text.lv_indev_scroll_throw_predict), (8 bytes).
    Removing lv_indev_scroll.o(.text.lv_indev_scroll_get_snap_dist), (44 bytes).
    Removing lv_indev_scroll.o(.ARM.exidx.text.lv_indev_scroll_get_snap_dist), (8 bytes).
    Removing lv_obj.o(.text), (0 bytes).
    Removing lv_obj.o(.text.lv_obj_constructor), (94 bytes).
    Removing lv_obj.o(.ARM.exidx.text.lv_obj_constructor), (8 bytes).
    Removing lv_obj.o(.text.lv_obj_destructor), (110 bytes).
    Removing lv_obj.o(.ARM.exidx.text.lv_obj_destructor), (8 bytes).
    Removing lv_obj.o(.text.lv_obj_event), (2094 bytes).
    Removing lv_obj.o(.ARM.exidx.text.lv_obj_event), (8 bytes).
    Removing lv_obj.o(.text.lv_is_initialized), (12 bytes).
    Removing lv_obj.o(.ARM.exidx.text.lv_is_initialized), (8 bytes).
    Removing lv_obj.o(.text.lv_init), (94 bytes).
    Removing lv_obj.o(.ARM.exidx.text.lv_init), (8 bytes).
    Removing lv_obj.o(.text.lv_deinit), (30 bytes).
    Removing lv_obj.o(.ARM.exidx.text.lv_deinit), (8 bytes).
    Removing lv_obj.o(.text.lv_obj_create), (26 bytes).
    Removing lv_obj.o(.ARM.exidx.text.lv_obj_create), (8 bytes).
    Removing lv_obj.o(.text.lv_obj_add_flag), (126 bytes).
    Removing lv_obj.o(.ARM.exidx.text.lv_obj_add_flag), (8 bytes).
    Removing lv_obj.o(.text.lv_obj_clear_flag), (126 bytes).
    Removing lv_obj.o(.ARM.exidx.text.lv_obj_clear_flag), (8 bytes).
    Removing lv_obj.o(.text.lv_obj_add_state), (14 bytes).
    Removing lv_obj.o(.ARM.exidx.text.lv_obj_add_state), (8 bytes).
    Removing lv_obj.o(.text.lv_obj_set_state), (806 bytes).
    Removing lv_obj.o(.ARM.exidx.text.lv_obj_set_state), (8 bytes).
    Removing lv_obj.o(.text.lv_obj_clear_state), (16 bytes).
    Removing lv_obj.o(.ARM.exidx.text.lv_obj_clear_state), (8 bytes).
    Removing lv_obj.o(.text.lv_obj_has_flag), (14 bytes).
    Removing lv_obj.o(.ARM.exidx.text.lv_obj_has_flag), (8 bytes).
    Removing lv_obj.o(.text.lv_obj_has_flag_any), (10 bytes).
    Removing lv_obj.o(.ARM.exidx.text.lv_obj_has_flag_any), (8 bytes).
    Removing lv_obj.o(.text.lv_obj_get_state), (4 bytes).
    Removing lv_obj.o(.ARM.exidx.text.lv_obj_get_state), (8 bytes).
    Removing lv_obj.o(.text.lv_obj_has_state), (10 bytes).
    Removing lv_obj.o(.ARM.exidx.text.lv_obj_has_state), (8 bytes).
    Removing lv_obj.o(.text.lv_obj_get_group), (12 bytes).
    Removing lv_obj.o(.ARM.exidx.text.lv_obj_get_group), (8 bytes).
    Removing lv_obj.o(.text.lv_obj_allocate_spec_attr), (66 bytes).
    Removing lv_obj.o(.ARM.exidx.text.lv_obj_allocate_spec_attr), (8 bytes).
    Removing lv_obj.o(.text.lv_obj_check_type), (20 bytes).
    Removing lv_obj.o(.ARM.exidx.text.lv_obj_check_type), (8 bytes).
    Removing lv_obj.o(.text.lv_obj_has_class), (78 bytes).
    Removing lv_obj.o(.ARM.exidx.text.lv_obj_has_class), (8 bytes).
    Removing lv_obj.o(.text.lv_obj_get_class), (4 bytes).
    Removing lv_obj.o(.ARM.exidx.text.lv_obj_get_class), (8 bytes).
    Removing lv_obj.o(.text.lv_obj_is_valid), (88 bytes).
    Removing lv_obj.o(.ARM.exidx.text.lv_obj_is_valid), (8 bytes).
    Removing lv_obj.o(.text.obj_valid_child), (94 bytes).
    Removing lv_obj.o(.ARM.exidx.text.obj_valid_child), (8 bytes).
    Removing lv_obj.o(.rodata.lv_obj_class), (28 bytes).
    Removing lv_obj.o(.bss.lv_initialized), (1 bytes).
    Removing lv_obj.o(.bss.lv_obj_allocate_spec_attr.x), (4 bytes).
    Removing lv_obj_class.o(.text), (0 bytes).
    Removing lv_obj_class.o(.text.lv_obj_class_create_obj), (292 bytes).
    Removing lv_obj_class.o(.ARM.exidx.text.lv_obj_class_create_obj), (8 bytes).
    Removing lv_obj_class.o(.text.lv_obj_class_init_obj), (124 bytes).
    Removing lv_obj_class.o(.ARM.exidx.text.lv_obj_class_init_obj), (8 bytes).
    Removing lv_obj_class.o(.text.lv_obj_construct), (38 bytes).
    Removing lv_obj_class.o(.ARM.exidx.text.lv_obj_construct), (8 bytes).
    Removing lv_obj_class.o(.text.lv_obj_is_group_def), (64 bytes).
    Removing lv_obj_class.o(.ARM.exidx.text.lv_obj_is_group_def), (8 bytes).
    Removing lv_obj_class.o(.text._lv_obj_destruct), (32 bytes).
    Removing lv_obj_class.o(.ARM.exidx.text._lv_obj_destruct), (8 bytes).
    Removing lv_obj_class.o(.text.lv_obj_is_editable), (64 bytes).
    Removing lv_obj_class.o(.ARM.exidx.text.lv_obj_is_editable), (8 bytes).
    Removing lv_obj_draw.o(.text), (0 bytes).
    Removing lv_obj_draw.o(.text.lv_obj_init_draw_rect_dsc), (726 bytes).
    Removing lv_obj_draw.o(.ARM.exidx.text.lv_obj_init_draw_rect_dsc), (8 bytes).
    Removing lv_obj_draw.o(.text.lv_obj_init_draw_label_dsc), (250 bytes).
    Removing lv_obj_draw.o(.ARM.exidx.text.lv_obj_init_draw_label_dsc), (8 bytes).
    Removing lv_obj_draw.o(.text.lv_obj_init_draw_img_dsc), (176 bytes).
    Removing lv_obj_draw.o(.ARM.exidx.text.lv_obj_init_draw_img_dsc), (8 bytes).
    Removing lv_obj_draw.o(.text.lv_obj_init_draw_line_dsc), (190 bytes).
    Removing lv_obj_draw.o(.ARM.exidx.text.lv_obj_init_draw_line_dsc), (8 bytes).
    Removing lv_obj_draw.o(.text.lv_obj_init_draw_arc_dsc), (228 bytes).
    Removing lv_obj_draw.o(.ARM.exidx.text.lv_obj_init_draw_arc_dsc), (8 bytes).
    Removing lv_obj_draw.o(.text.lv_obj_calculate_ext_draw_size), (224 bytes).
    Removing lv_obj_draw.o(.ARM.exidx.text.lv_obj_calculate_ext_draw_size), (8 bytes).
    Removing lv_obj_draw.o(.text.lv_obj_draw_dsc_init), (16 bytes).
    Removing lv_obj_draw.o(.ARM.exidx.text.lv_obj_draw_dsc_init), (8 bytes).
    Removing lv_obj_draw.o(.text.lv_obj_draw_part_check_type), (20 bytes).
    Removing lv_obj_draw.o(.ARM.exidx.text.lv_obj_draw_part_check_type), (8 bytes).
    Removing lv_obj_draw.o(.text.lv_obj_refresh_ext_draw_size), (96 bytes).
    Removing lv_obj_draw.o(.ARM.exidx.text.lv_obj_refresh_ext_draw_size), (8 bytes).
    Removing lv_obj_draw.o(.text._lv_obj_get_ext_draw_size), (14 bytes).
    Removing lv_obj_draw.o(.ARM.exidx.text._lv_obj_get_ext_draw_size), (8 bytes).
    Removing lv_obj_draw.o(.text._lv_obj_get_layer_type), (14 bytes).
    Removing lv_obj_draw.o(.ARM.exidx.text._lv_obj_get_layer_type), (8 bytes).
    Removing lv_obj_pos.o(.text), (0 bytes).
    Removing lv_obj_pos.o(.text.lv_obj_set_pos), (80 bytes).
    Removing lv_obj_pos.o(.ARM.exidx.text.lv_obj_set_pos), (8 bytes).
    Removing lv_obj_pos.o(.text.lv_obj_set_x), (44 bytes).
    Removing lv_obj_pos.o(.ARM.exidx.text.lv_obj_set_x), (8 bytes).
    Removing lv_obj_pos.o(.text.lv_obj_set_y), (44 bytes).
    Removing lv_obj_pos.o(.ARM.exidx.text.lv_obj_set_y), (8 bytes).
    Removing lv_obj_pos.o(.text.lv_obj_refr_size), (2126 bytes).
    Removing lv_obj_pos.o(.ARM.exidx.text.lv_obj_refr_size), (8 bytes).
    Removing lv_obj_pos.o(.text.lv_obj_get_width), (12 bytes).
    Removing lv_obj_pos.o(.ARM.exidx.text.lv_obj_get_width), (8 bytes).
    Removing lv_obj_pos.o(.text.lv_obj_get_content_width), (56 bytes).
    Removing lv_obj_pos.o(.ARM.exidx.text.lv_obj_get_content_width), (8 bytes).
    Removing lv_obj_pos.o(.text.lv_clamp_width), (126 bytes).
    Removing lv_obj_pos.o(.ARM.exidx.text.lv_clamp_width), (8 bytes).
    Removing lv_obj_pos.o(.text.lv_obj_get_height), (12 bytes).
    Removing lv_obj_pos.o(.ARM.exidx.text.lv_obj_get_height), (8 bytes).
    Removing lv_obj_pos.o(.text.lv_obj_get_content_height), (56 bytes).
    Removing lv_obj_pos.o(.ARM.exidx.text.lv_obj_get_content_height), (8 bytes).
    Removing lv_obj_pos.o(.text.lv_clamp_height), (126 bytes).
    Removing lv_obj_pos.o(.ARM.exidx.text.lv_clamp_height), (8 bytes).
    Removing lv_obj_pos.o(.text.lv_obj_invalidate), (94 bytes).
    Removing lv_obj_pos.o(.ARM.exidx.text.lv_obj_invalidate), (8 bytes).
    Removing lv_obj_pos.o(.text.lv_obj_get_coords), (10 bytes).
    Removing lv_obj_pos.o(.ARM.exidx.text.lv_obj_get_coords), (8 bytes).
    Removing lv_obj_pos.o(.text.lv_obj_get_content_coords), (100 bytes).
    Removing lv_obj_pos.o(.ARM.exidx.text.lv_obj_get_content_coords), (8 bytes).
    Removing lv_obj_pos.o(.text.lv_obj_set_size), (80 bytes).
    Removing lv_obj_pos.o(.ARM.exidx.text.lv_obj_set_size), (8 bytes).
    Removing lv_obj_pos.o(.text.lv_obj_set_width), (44 bytes).
    Removing lv_obj_pos.o(.ARM.exidx.text.lv_obj_set_width), (8 bytes).
    Removing lv_obj_pos.o(.text.lv_obj_set_height), (44 bytes).
    Removing lv_obj_pos.o(.ARM.exidx.text.lv_obj_set_height), (8 bytes).
    Removing lv_obj_pos.o(.text.lv_obj_set_content_width), (88 bytes).
    Removing lv_obj_pos.o(.ARM.exidx.text.lv_obj_set_content_width), (8 bytes).
    Removing lv_obj_pos.o(.text.lv_obj_set_content_height), (88 bytes).
    Removing lv_obj_pos.o(.ARM.exidx.text.lv_obj_set_content_height), (8 bytes).
    Removing lv_obj_pos.o(.text.lv_obj_set_layout), (54 bytes).
    Removing lv_obj_pos.o(.ARM.exidx.text.lv_obj_set_layout), (8 bytes).
    Removing lv_obj_pos.o(.text.lv_obj_mark_layout_as_dirty), (42 bytes).
    Removing lv_obj_pos.o(.ARM.exidx.text.lv_obj_mark_layout_as_dirty), (8 bytes).
    Removing lv_obj_pos.o(.text.lv_obj_is_layout_positioned), (48 bytes).
    Removing lv_obj_pos.o(.ARM.exidx.text.lv_obj_is_layout_positioned), (8 bytes).
    Removing lv_obj_pos.o(.text.lv_obj_update_layout), (60 bytes).
    Removing lv_obj_pos.o(.ARM.exidx.text.lv_obj_update_layout), (8 bytes).
    Removing lv_obj_pos.o(.text.layout_update_core), (122 bytes).
    Removing lv_obj_pos.o(.ARM.exidx.text.layout_update_core), (8 bytes).
    Removing lv_obj_pos.o(.text.lv_layout_register), (70 bytes).
    Removing lv_obj_pos.o(.ARM.exidx.text.lv_layout_register), (8 bytes).
    Removing lv_obj_pos.o(.text.lv_obj_set_align), (6 bytes).
    Removing lv_obj_pos.o(.ARM.exidx.text.lv_obj_set_align), (8 bytes).
    Removing lv_obj_pos.o(.text.lv_obj_align), (88 bytes).
    Removing lv_obj_pos.o(.ARM.exidx.text.lv_obj_align), (8 bytes).
    Removing lv_obj_pos.o(.text.lv_obj_align_to), (1506 bytes).
    Removing lv_obj_pos.o(.ARM.exidx.text.lv_obj_align_to), (8 bytes).
    Removing lv_obj_pos.o(.text.lv_obj_get_x), (64 bytes).
    Removing lv_obj_pos.o(.ARM.exidx.text.lv_obj_get_x), (8 bytes).
    Removing lv_obj_pos.o(.text.lv_obj_get_x2), (86 bytes).
    Removing lv_obj_pos.o(.ARM.exidx.text.lv_obj_get_x2), (8 bytes).
    Removing lv_obj_pos.o(.text.lv_obj_get_y), (64 bytes).
    Removing lv_obj_pos.o(.ARM.exidx.text.lv_obj_get_y), (8 bytes).
    Removing lv_obj_pos.o(.text.lv_obj_get_y2), (86 bytes).
    Removing lv_obj_pos.o(.ARM.exidx.text.lv_obj_get_y2), (8 bytes).
    Removing lv_obj_pos.o(.text.lv_obj_get_x_aligned), (14 bytes).
    Removing lv_obj_pos.o(.ARM.exidx.text.lv_obj_get_x_aligned), (8 bytes).
    Removing lv_obj_pos.o(.text.lv_obj_get_y_aligned), (14 bytes).
    Removing lv_obj_pos.o(.ARM.exidx.text.lv_obj_get_y_aligned), (8 bytes).
    Removing lv_obj_pos.o(.text.lv_obj_get_self_width), (28 bytes).
    Removing lv_obj_pos.o(.ARM.exidx.text.lv_obj_get_self_width), (8 bytes).
    Removing lv_obj_pos.o(.text.lv_obj_get_self_height), (26 bytes).
    Removing lv_obj_pos.o(.ARM.exidx.text.lv_obj_get_self_height), (8 bytes).
    Removing lv_obj_pos.o(.text.lv_obj_refresh_self_size), (92 bytes).
    Removing lv_obj_pos.o(.ARM.exidx.text.lv_obj_refresh_self_size), (8 bytes).
    Removing lv_obj_pos.o(.text.lv_obj_refr_pos), (720 bytes).
    Removing lv_obj_pos.o(.ARM.exidx.text.lv_obj_refr_pos), (8 bytes).
    Removing lv_obj_pos.o(.text.lv_obj_move_to), (404 bytes).
    Removing lv_obj_pos.o(.ARM.exidx.text.lv_obj_move_to), (8 bytes).
    Removing lv_obj_pos.o(.text.lv_obj_move_children_by), (160 bytes).
    Removing lv_obj_pos.o(.ARM.exidx.text.lv_obj_move_children_by), (8 bytes).
    Removing lv_obj_pos.o(.text.lv_obj_transform_point), (112 bytes).
    Removing lv_obj_pos.o(.ARM.exidx.text.lv_obj_transform_point), (8 bytes).
    Removing lv_obj_pos.o(.text.transform_point), (258 bytes).
    Removing lv_obj_pos.o(.ARM.exidx.text.transform_point), (8 bytes).
    Removing lv_obj_pos.o(.text.lv_obj_get_transformed_area), (250 bytes).
    Removing lv_obj_pos.o(.ARM.exidx.text.lv_obj_get_transformed_area), (8 bytes).
    Removing lv_obj_pos.o(.text.lv_obj_invalidate_area), (52 bytes).
    Removing lv_obj_pos.o(.ARM.exidx.text.lv_obj_invalidate_area), (8 bytes).
    Removing lv_obj_pos.o(.text.lv_obj_area_is_visible), (260 bytes).
    Removing lv_obj_pos.o(.ARM.exidx.text.lv_obj_area_is_visible), (8 bytes).
    Removing lv_obj_pos.o(.text.lv_obj_is_visible), (56 bytes).
    Removing lv_obj_pos.o(.ARM.exidx.text.lv_obj_is_visible), (8 bytes).
    Removing lv_obj_pos.o(.text.lv_obj_set_ext_click_area), (16 bytes).
    Removing lv_obj_pos.o(.ARM.exidx.text.lv_obj_set_ext_click_area), (8 bytes).
    Removing lv_obj_pos.o(.text.lv_obj_get_click_area), (58 bytes).
    Removing lv_obj_pos.o(.ARM.exidx.text.lv_obj_get_click_area), (8 bytes).
    Removing lv_obj_pos.o(.text.lv_obj_hit_test), (164 bytes).
    Removing lv_obj_pos.o(.ARM.exidx.text.lv_obj_hit_test), (8 bytes).
    Removing lv_obj_pos.o(.bss.lv_obj_update_layout.mutex), (1 bytes).
    Removing lv_obj_pos.o(.bss.layout_cnt), (4 bytes).
    Removing lv_obj_scroll.o(.text), (0 bytes).
    Removing lv_obj_scroll.o(.text.lv_obj_set_scrollbar_mode), (46 bytes).
    Removing lv_obj_scroll.o(.ARM.exidx.text.lv_obj_set_scrollbar_mode), (8 bytes).
    Removing lv_obj_scroll.o(.text.lv_obj_set_scroll_dir), (38 bytes).
    Removing lv_obj_scroll.o(.ARM.exidx.text.lv_obj_set_scroll_dir), (8 bytes).
    Removing lv_obj_scroll.o(.text.lv_obj_set_scroll_snap_x), (30 bytes).
    Removing lv_obj_scroll.o(.ARM.exidx.text.lv_obj_set_scroll_snap_x), (8 bytes).
    Removing lv_obj_scroll.o(.text.lv_obj_set_scroll_snap_y), (30 bytes).
    Removing lv_obj_scroll.o(.ARM.exidx.text.lv_obj_set_scroll_snap_y), (8 bytes).
    Removing lv_obj_scroll.o(.text.lv_obj_get_scrollbar_mode), (16 bytes).
    Removing lv_obj_scroll.o(.ARM.exidx.text.lv_obj_get_scrollbar_mode), (8 bytes).
    Removing lv_obj_scroll.o(.text.lv_obj_get_scroll_dir), (16 bytes).
    Removing lv_obj_scroll.o(.ARM.exidx.text.lv_obj_get_scroll_dir), (8 bytes).
    Removing lv_obj_scroll.o(.text.lv_obj_get_scroll_snap_x), (16 bytes).
    Removing lv_obj_scroll.o(.ARM.exidx.text.lv_obj_get_scroll_snap_x), (8 bytes).
    Removing lv_obj_scroll.o(.text.lv_obj_get_scroll_snap_y), (16 bytes).
    Removing lv_obj_scroll.o(.ARM.exidx.text.lv_obj_get_scroll_snap_y), (8 bytes).
    Removing lv_obj_scroll.o(.text.lv_obj_get_scroll_x), (16 bytes).
    Removing lv_obj_scroll.o(.ARM.exidx.text.lv_obj_get_scroll_x), (8 bytes).
    Removing lv_obj_scroll.o(.text.lv_obj_get_scroll_y), (16 bytes).
    Removing lv_obj_scroll.o(.ARM.exidx.text.lv_obj_get_scroll_y), (8 bytes).
    Removing lv_obj_scroll.o(.text.lv_obj_get_scroll_top), (16 bytes).
    Removing lv_obj_scroll.o(.ARM.exidx.text.lv_obj_get_scroll_top), (8 bytes).
    Removing lv_obj_scroll.o(.text.lv_obj_get_scroll_bottom), (198 bytes).
    Removing lv_obj_scroll.o(.ARM.exidx.text.lv_obj_get_scroll_bottom), (8 bytes).
    Removing lv_obj_scroll.o(.text.lv_obj_get_scroll_left), (258 bytes).
    Removing lv_obj_scroll.o(.ARM.exidx.text.lv_obj_get_scroll_left), (8 bytes).
    Removing lv_obj_scroll.o(.text.lv_obj_get_scroll_right), (232 bytes).
    Removing lv_obj_scroll.o(.ARM.exidx.text.lv_obj_get_scroll_right), (8 bytes).
    Removing lv_obj_scroll.o(.text.lv_obj_get_scroll_end), (86 bytes).
    Removing lv_obj_scroll.o(.ARM.exidx.text.lv_obj_get_scroll_end), (8 bytes).
    Removing lv_obj_scroll.o(.text.scroll_x_anim), (78 bytes).
    Removing lv_obj_scroll.o(.ARM.exidx.text.scroll_x_anim), (8 bytes).
    Removing lv_obj_scroll.o(.text.scroll_y_anim), (78 bytes).
    Removing lv_obj_scroll.o(.ARM.exidx.text.scroll_y_anim), (8 bytes).
    Removing lv_obj_scroll.o(.text.lv_obj_scroll_by_bounded), (264 bytes).
    Removing lv_obj_scroll.o(.ARM.exidx.text.lv_obj_scroll_by_bounded), (8 bytes).
    Removing lv_obj_scroll.o(.text.lv_obj_scroll_by), (366 bytes).
    Removing lv_obj_scroll.o(.ARM.exidx.text.lv_obj_scroll_by), (8 bytes).
    Removing lv_obj_scroll.o(.text.scroll_anim_ready_cb), (10 bytes).
    Removing lv_obj_scroll.o(.ARM.exidx.text.scroll_anim_ready_cb), (8 bytes).
    Removing lv_obj_scroll.o(.text._lv_obj_scroll_by_raw), (68 bytes).
    Removing lv_obj_scroll.o(.ARM.exidx.text._lv_obj_scroll_by_raw), (8 bytes).
    Removing lv_obj_scroll.o(.text.lv_obj_scroll_to), (96 bytes).
    Removing lv_obj_scroll.o(.ARM.exidx.text.lv_obj_scroll_to), (8 bytes).
    Removing lv_obj_scroll.o(.text.lv_obj_scroll_to_x), (50 bytes).
    Removing lv_obj_scroll.o(.ARM.exidx.text.lv_obj_scroll_to_x), (8 bytes).
    Removing lv_obj_scroll.o(.text.lv_obj_scroll_to_y), (50 bytes).
    Removing lv_obj_scroll.o(.ARM.exidx.text.lv_obj_scroll_to_y), (8 bytes).
    Removing lv_obj_scroll.o(.text.lv_obj_scroll_to_view), (34 bytes).
    Removing lv_obj_scroll.o(.ARM.exidx.text.lv_obj_scroll_to_view), (8 bytes).
    Removing lv_obj_scroll.o(.text.scroll_area_into_view), (798 bytes).
    Removing lv_obj_scroll.o(.ARM.exidx.text.scroll_area_into_view), (8 bytes).
    Removing lv_obj_scroll.o(.text.lv_obj_scroll_to_view_recursive), (68 bytes).
    Removing lv_obj_scroll.o(.ARM.exidx.text.lv_obj_scroll_to_view_recursive), (8 bytes).
    Removing lv_obj_scroll.o(.text.lv_obj_is_scrolling), (48 bytes).
    Removing lv_obj_scroll.o(.ARM.exidx.text.lv_obj_is_scrolling), (8 bytes).
    Removing lv_obj_scroll.o(.text.lv_obj_update_snap), (40 bytes).
    Removing lv_obj_scroll.o(.ARM.exidx.text.lv_obj_update_snap), (8 bytes).
    Removing lv_obj_scroll.o(.text.lv_obj_get_scrollbar_area), (1980 bytes).
    Removing lv_obj_scroll.o(.ARM.exidx.text.lv_obj_get_scrollbar_area), (8 bytes).
    Removing lv_obj_scroll.o(.text.lv_obj_scrollbar_invalidate), (68 bytes).
    Removing lv_obj_scroll.o(.ARM.exidx.text.lv_obj_scrollbar_invalidate), (8 bytes).
    Removing lv_obj_scroll.o(.text.lv_obj_readjust_scroll), (182 bytes).
    Removing lv_obj_scroll.o(.ARM.exidx.text.lv_obj_readjust_scroll), (8 bytes).
    Removing lv_obj_style.o(.text), (0 bytes).
    Removing lv_obj_style.o(.text._lv_obj_style_init), (14 bytes).
    Removing lv_obj_style.o(.ARM.exidx.text._lv_obj_style_init), (8 bytes).
    Removing lv_obj_style.o(.text.lv_obj_add_style), (394 bytes).
    Removing lv_obj_style.o(.ARM.exidx.text.lv_obj_add_style), (8 bytes).
    Removing lv_obj_style.o(.text.trans_del), (430 bytes).
    Removing lv_obj_style.o(.ARM.exidx.text.trans_del), (8 bytes).
    Removing lv_obj_style.o(.text.lv_obj_refresh_style), (390 bytes).
    Removing lv_obj_style.o(.ARM.exidx.text.lv_obj_refresh_style), (8 bytes).
    Removing lv_obj_style.o(.text.lv_obj_remove_style), (310 bytes).
    Removing lv_obj_style.o(.ARM.exidx.text.lv_obj_remove_style), (8 bytes).
    Removing lv_obj_style.o(.text.lv_obj_style_get_selector_state), (4 bytes).
    Removing lv_obj_style.o(.ARM.exidx.text.lv_obj_style_get_selector_state), (8 bytes).
    Removing lv_obj_style.o(.text.lv_obj_style_get_selector_part), (6 bytes).
    Removing lv_obj_style.o(.ARM.exidx.text.lv_obj_style_get_selector_part), (8 bytes).
    Removing lv_obj_style.o(.text.lv_obj_report_style_change), (78 bytes).
    Removing lv_obj_style.o(.ARM.exidx.text.lv_obj_report_style_change), (8 bytes).
    Removing lv_obj_style.o(.text.report_style_change_core), (152 bytes).
    Removing lv_obj_style.o(.ARM.exidx.text.report_style_change_core), (8 bytes).
    Removing lv_obj_style.o(.text.refresh_children_style), (62 bytes).
    Removing lv_obj_style.o(.ARM.exidx.text.refresh_children_style), (8 bytes).
    Removing lv_obj_style.o(.text.lv_obj_enable_style_refresh), (12 bytes).
    Removing lv_obj_style.o(.ARM.exidx.text.lv_obj_enable_style_refresh), (8 bytes).
    Removing lv_obj_style.o(.text.lv_obj_get_style_prop), (612 bytes).
    Removing lv_obj_style.o(.ARM.exidx.text.lv_obj_get_style_prop), (8 bytes).
    Removing lv_obj_style.o(.text.lv_obj_set_local_style_prop), (42 bytes).
    Removing lv_obj_style.o(.ARM.exidx.text.lv_obj_set_local_style_prop), (8 bytes).
    Removing lv_obj_style.o(.text.get_local_style), (310 bytes).
    Removing lv_obj_style.o(.ARM.exidx.text.get_local_style), (8 bytes).
    Removing lv_obj_style.o(.text.lv_obj_set_local_style_prop_meta), (42 bytes).
    Removing lv_obj_style.o(.ARM.exidx.text.lv_obj_set_local_style_prop_meta), (8 bytes).
    Removing lv_obj_style.o(.text.lv_obj_get_local_style_prop), (166 bytes).
    Removing lv_obj_style.o(.ARM.exidx.text.lv_obj_get_local_style_prop), (8 bytes).
    Removing lv_obj_style.o(.text.lv_obj_remove_local_style_prop), (176 bytes).
    Removing lv_obj_style.o(.ARM.exidx.text.lv_obj_remove_local_style_prop), (8 bytes).
    Removing lv_obj_style.o(.text._lv_obj_style_create_transition), (338 bytes).
    Removing lv_obj_style.o(.ARM.exidx.text._lv_obj_style_create_transition), (8 bytes).
    Removing lv_obj_style.o(.text.get_trans_style), (418 bytes).
    Removing lv_obj_style.o(.ARM.exidx.text.get_trans_style), (8 bytes).
    Removing lv_obj_style.o(.text.trans_anim_cb), (496 bytes).
    Removing lv_obj_style.o(.ARM.exidx.text.trans_anim_cb), (8 bytes).
    Removing lv_obj_style.o(.text.trans_anim_start_cb), (62 bytes).
    Removing lv_obj_style.o(.ARM.exidx.text.trans_anim_start_cb), (8 bytes).
    Removing lv_obj_style.o(.text.trans_anim_ready_cb), (192 bytes).
    Removing lv_obj_style.o(.ARM.exidx.text.trans_anim_ready_cb), (8 bytes).
    Removing lv_obj_style.o(.text._lv_obj_style_apply_color_filter), (70 bytes).
    Removing lv_obj_style.o(.ARM.exidx.text._lv_obj_style_apply_color_filter), (8 bytes).
    Removing lv_obj_style.o(.text._lv_obj_style_state_compare), (630 bytes).
    Removing lv_obj_style.o(.ARM.exidx.text._lv_obj_style_state_compare), (8 bytes).
    Removing lv_obj_style.o(.text.lv_obj_fade_in), (66 bytes).
    Removing lv_obj_style.o(.ARM.exidx.text.lv_obj_fade_in), (8 bytes).
    Removing lv_obj_style.o(.text.fade_anim_cb), (8 bytes).
    Removing lv_obj_style.o(.ARM.exidx.text.fade_anim_cb), (8 bytes).
    Removing lv_obj_style.o(.text.fade_in_anim_ready), (148 bytes).
    Removing lv_obj_style.o(.ARM.exidx.text.fade_in_anim_ready), (8 bytes).
    Removing lv_obj_style.o(.text.lv_obj_fade_out), (66 bytes).
    Removing lv_obj_style.o(.ARM.exidx.text.lv_obj_fade_out), (8 bytes).
    Removing lv_obj_style.o(.text.lv_obj_calculate_style_text_align), (34 bytes).
    Removing lv_obj_style.o(.ARM.exidx.text.lv_obj_calculate_style_text_align), (8 bytes).
    Removing lv_obj_style.o(.data.style_refr), (1 bytes).
    Removing lv_obj_style_gen.o(.text), (0 bytes).
    Removing lv_obj_style_gen.o(.text.lv_obj_set_style_width), (10 bytes).
    Removing lv_obj_style_gen.o(.ARM.exidx.text.lv_obj_set_style_width), (8 bytes).
    Removing lv_obj_style_gen.o(.text.lv_obj_set_style_min_width), (10 bytes).
    Removing lv_obj_style_gen.o(.ARM.exidx.text.lv_obj_set_style_min_width), (8 bytes).
    Removing lv_obj_style_gen.o(.text.lv_obj_set_style_max_width), (10 bytes).
    Removing lv_obj_style_gen.o(.ARM.exidx.text.lv_obj_set_style_max_width), (8 bytes).
    Removing lv_obj_style_gen.o(.text.lv_obj_set_style_height), (10 bytes).
    Removing lv_obj_style_gen.o(.ARM.exidx.text.lv_obj_set_style_height), (8 bytes).
    Removing lv_obj_style_gen.o(.text.lv_obj_set_style_min_height), (10 bytes).
    Removing lv_obj_style_gen.o(.ARM.exidx.text.lv_obj_set_style_min_height), (8 bytes).
    Removing lv_obj_style_gen.o(.text.lv_obj_set_style_max_height), (10 bytes).
    Removing lv_obj_style_gen.o(.ARM.exidx.text.lv_obj_set_style_max_height), (8 bytes).
    Removing lv_obj_style_gen.o(.text.lv_obj_set_style_x), (10 bytes).
    Removing lv_obj_style_gen.o(.ARM.exidx.text.lv_obj_set_style_x), (8 bytes).
    Removing lv_obj_style_gen.o(.text.lv_obj_set_style_y), (10 bytes).
    Removing lv_obj_style_gen.o(.ARM.exidx.text.lv_obj_set_style_y), (8 bytes).
    Removing lv_obj_style_gen.o(.text.lv_obj_set_style_align), (10 bytes).
    Removing lv_obj_style_gen.o(.ARM.exidx.text.lv_obj_set_style_align), (8 bytes).
    Removing lv_obj_style_gen.o(.text.lv_obj_set_style_transform_width), (10 bytes).
    Removing lv_obj_style_gen.o(.ARM.exidx.text.lv_obj_set_style_transform_width), (8 bytes).
    Removing lv_obj_style_gen.o(.text.lv_obj_set_style_transform_height), (10 bytes).
    Removing lv_obj_style_gen.o(.ARM.exidx.text.lv_obj_set_style_transform_height), (8 bytes).
    Removing lv_obj_style_gen.o(.text.lv_obj_set_style_translate_x), (10 bytes).
    Removing lv_obj_style_gen.o(.ARM.exidx.text.lv_obj_set_style_translate_x), (8 bytes).
    Removing lv_obj_style_gen.o(.text.lv_obj_set_style_translate_y), (10 bytes).
    Removing lv_obj_style_gen.o(.ARM.exidx.text.lv_obj_set_style_translate_y), (8 bytes).
    Removing lv_obj_style_gen.o(.text.lv_obj_set_style_transform_zoom), (10 bytes).
    Removing lv_obj_style_gen.o(.ARM.exidx.text.lv_obj_set_style_transform_zoom), (8 bytes).
    Removing lv_obj_style_gen.o(.text.lv_obj_set_style_transform_angle), (10 bytes).
    Removing lv_obj_style_gen.o(.ARM.exidx.text.lv_obj_set_style_transform_angle), (8 bytes).
    Removing lv_obj_style_gen.o(.text.lv_obj_set_style_transform_pivot_x), (10 bytes).
    Removing lv_obj_style_gen.o(.ARM.exidx.text.lv_obj_set_style_transform_pivot_x), (8 bytes).
    Removing lv_obj_style_gen.o(.text.lv_obj_set_style_transform_pivot_y), (10 bytes).
    Removing lv_obj_style_gen.o(.ARM.exidx.text.lv_obj_set_style_transform_pivot_y), (8 bytes).
    Removing lv_obj_style_gen.o(.text.lv_obj_set_style_pad_top), (10 bytes).
    Removing lv_obj_style_gen.o(.ARM.exidx.text.lv_obj_set_style_pad_top), (8 bytes).
    Removing lv_obj_style_gen.o(.text.lv_obj_set_style_pad_bottom), (10 bytes).
    Removing lv_obj_style_gen.o(.ARM.exidx.text.lv_obj_set_style_pad_bottom), (8 bytes).
    Removing lv_obj_style_gen.o(.text.lv_obj_set_style_pad_left), (10 bytes).
    Removing lv_obj_style_gen.o(.ARM.exidx.text.lv_obj_set_style_pad_left), (8 bytes).
    Removing lv_obj_style_gen.o(.text.lv_obj_set_style_pad_right), (10 bytes).
    Removing lv_obj_style_gen.o(.ARM.exidx.text.lv_obj_set_style_pad_right), (8 bytes).
    Removing lv_obj_style_gen.o(.text.lv_obj_set_style_pad_row), (10 bytes).
    Removing lv_obj_style_gen.o(.ARM.exidx.text.lv_obj_set_style_pad_row), (8 bytes).
    Removing lv_obj_style_gen.o(.text.lv_obj_set_style_pad_column), (10 bytes).
    Removing lv_obj_style_gen.o(.ARM.exidx.text.lv_obj_set_style_pad_column), (8 bytes).
    Removing lv_obj_style_gen.o(.text.lv_obj_set_style_bg_color), (10 bytes).
    Removing lv_obj_style_gen.o(.ARM.exidx.text.lv_obj_set_style_bg_color), (8 bytes).
    Removing lv_obj_style_gen.o(.text.lv_obj_set_style_bg_opa), (10 bytes).
    Removing lv_obj_style_gen.o(.ARM.exidx.text.lv_obj_set_style_bg_opa), (8 bytes).
    Removing lv_obj_style_gen.o(.text.lv_obj_set_style_bg_grad_color), (10 bytes).
    Removing lv_obj_style_gen.o(.ARM.exidx.text.lv_obj_set_style_bg_grad_color), (8 bytes).
    Removing lv_obj_style_gen.o(.text.lv_obj_set_style_bg_grad_dir), (10 bytes).
    Removing lv_obj_style_gen.o(.ARM.exidx.text.lv_obj_set_style_bg_grad_dir), (8 bytes).
    Removing lv_obj_style_gen.o(.text.lv_obj_set_style_bg_main_stop), (10 bytes).
    Removing lv_obj_style_gen.o(.ARM.exidx.text.lv_obj_set_style_bg_main_stop), (8 bytes).
    Removing lv_obj_style_gen.o(.text.lv_obj_set_style_bg_grad_stop), (10 bytes).
    Removing lv_obj_style_gen.o(.ARM.exidx.text.lv_obj_set_style_bg_grad_stop), (8 bytes).
    Removing lv_obj_style_gen.o(.text.lv_obj_set_style_bg_grad), (10 bytes).
    Removing lv_obj_style_gen.o(.ARM.exidx.text.lv_obj_set_style_bg_grad), (8 bytes).
    Removing lv_obj_style_gen.o(.text.lv_obj_set_style_bg_dither_mode), (10 bytes).
    Removing lv_obj_style_gen.o(.ARM.exidx.text.lv_obj_set_style_bg_dither_mode), (8 bytes).
    Removing lv_obj_style_gen.o(.text.lv_obj_set_style_bg_img_src), (10 bytes).
    Removing lv_obj_style_gen.o(.ARM.exidx.text.lv_obj_set_style_bg_img_src), (8 bytes).
    Removing lv_obj_style_gen.o(.text.lv_obj_set_style_bg_img_opa), (10 bytes).
    Removing lv_obj_style_gen.o(.ARM.exidx.text.lv_obj_set_style_bg_img_opa), (8 bytes).
    Removing lv_obj_style_gen.o(.text.lv_obj_set_style_bg_img_recolor), (10 bytes).
    Removing lv_obj_style_gen.o(.ARM.exidx.text.lv_obj_set_style_bg_img_recolor), (8 bytes).
    Removing lv_obj_style_gen.o(.text.lv_obj_set_style_bg_img_recolor_opa), (10 bytes).
    Removing lv_obj_style_gen.o(.ARM.exidx.text.lv_obj_set_style_bg_img_recolor_opa), (8 bytes).
    Removing lv_obj_style_gen.o(.text.lv_obj_set_style_bg_img_tiled), (10 bytes).
    Removing lv_obj_style_gen.o(.ARM.exidx.text.lv_obj_set_style_bg_img_tiled), (8 bytes).
    Removing lv_obj_style_gen.o(.text.lv_obj_set_style_border_color), (10 bytes).
    Removing lv_obj_style_gen.o(.ARM.exidx.text.lv_obj_set_style_border_color), (8 bytes).
    Removing lv_obj_style_gen.o(.text.lv_obj_set_style_border_opa), (10 bytes).
    Removing lv_obj_style_gen.o(.ARM.exidx.text.lv_obj_set_style_border_opa), (8 bytes).
    Removing lv_obj_style_gen.o(.text.lv_obj_set_style_border_width), (10 bytes).
    Removing lv_obj_style_gen.o(.ARM.exidx.text.lv_obj_set_style_border_width), (8 bytes).
    Removing lv_obj_style_gen.o(.text.lv_obj_set_style_border_side), (10 bytes).
    Removing lv_obj_style_gen.o(.ARM.exidx.text.lv_obj_set_style_border_side), (8 bytes).
    Removing lv_obj_style_gen.o(.text.lv_obj_set_style_border_post), (10 bytes).
    Removing lv_obj_style_gen.o(.ARM.exidx.text.lv_obj_set_style_border_post), (8 bytes).
    Removing lv_obj_style_gen.o(.text.lv_obj_set_style_outline_width), (10 bytes).
    Removing lv_obj_style_gen.o(.ARM.exidx.text.lv_obj_set_style_outline_width), (8 bytes).
    Removing lv_obj_style_gen.o(.text.lv_obj_set_style_outline_color), (10 bytes).
    Removing lv_obj_style_gen.o(.ARM.exidx.text.lv_obj_set_style_outline_color), (8 bytes).
    Removing lv_obj_style_gen.o(.text.lv_obj_set_style_outline_opa), (10 bytes).
    Removing lv_obj_style_gen.o(.ARM.exidx.text.lv_obj_set_style_outline_opa), (8 bytes).
    Removing lv_obj_style_gen.o(.text.lv_obj_set_style_outline_pad), (10 bytes).
    Removing lv_obj_style_gen.o(.ARM.exidx.text.lv_obj_set_style_outline_pad), (8 bytes).
    Removing lv_obj_style_gen.o(.text.lv_obj_set_style_shadow_width), (10 bytes).
    Removing lv_obj_style_gen.o(.ARM.exidx.text.lv_obj_set_style_shadow_width), (8 bytes).
    Removing lv_obj_style_gen.o(.text.lv_obj_set_style_shadow_ofs_x), (10 bytes).
    Removing lv_obj_style_gen.o(.ARM.exidx.text.lv_obj_set_style_shadow_ofs_x), (8 bytes).
    Removing lv_obj_style_gen.o(.text.lv_obj_set_style_shadow_ofs_y), (10 bytes).
    Removing lv_obj_style_gen.o(.ARM.exidx.text.lv_obj_set_style_shadow_ofs_y), (8 bytes).
    Removing lv_obj_style_gen.o(.text.lv_obj_set_style_shadow_spread), (10 bytes).
    Removing lv_obj_style_gen.o(.ARM.exidx.text.lv_obj_set_style_shadow_spread), (8 bytes).
    Removing lv_obj_style_gen.o(.text.lv_obj_set_style_shadow_color), (10 bytes).
    Removing lv_obj_style_gen.o(.ARM.exidx.text.lv_obj_set_style_shadow_color), (8 bytes).
    Removing lv_obj_style_gen.o(.text.lv_obj_set_style_shadow_opa), (10 bytes).
    Removing lv_obj_style_gen.o(.ARM.exidx.text.lv_obj_set_style_shadow_opa), (8 bytes).
    Removing lv_obj_style_gen.o(.text.lv_obj_set_style_img_opa), (10 bytes).
    Removing lv_obj_style_gen.o(.ARM.exidx.text.lv_obj_set_style_img_opa), (8 bytes).
    Removing lv_obj_style_gen.o(.text.lv_obj_set_style_img_recolor), (10 bytes).
    Removing lv_obj_style_gen.o(.ARM.exidx.text.lv_obj_set_style_img_recolor), (8 bytes).
    Removing lv_obj_style_gen.o(.text.lv_obj_set_style_img_recolor_opa), (10 bytes).
    Removing lv_obj_style_gen.o(.ARM.exidx.text.lv_obj_set_style_img_recolor_opa), (8 bytes).
    Removing lv_obj_style_gen.o(.text.lv_obj_set_style_line_width), (10 bytes).
    Removing lv_obj_style_gen.o(.ARM.exidx.text.lv_obj_set_style_line_width), (8 bytes).
    Removing lv_obj_style_gen.o(.text.lv_obj_set_style_line_dash_width), (10 bytes).
    Removing lv_obj_style_gen.o(.ARM.exidx.text.lv_obj_set_style_line_dash_width), (8 bytes).
    Removing lv_obj_style_gen.o(.text.lv_obj_set_style_line_dash_gap), (10 bytes).
    Removing lv_obj_style_gen.o(.ARM.exidx.text.lv_obj_set_style_line_dash_gap), (8 bytes).
    Removing lv_obj_style_gen.o(.text.lv_obj_set_style_line_rounded), (10 bytes).
    Removing lv_obj_style_gen.o(.ARM.exidx.text.lv_obj_set_style_line_rounded), (8 bytes).
    Removing lv_obj_style_gen.o(.text.lv_obj_set_style_line_color), (10 bytes).
    Removing lv_obj_style_gen.o(.ARM.exidx.text.lv_obj_set_style_line_color), (8 bytes).
    Removing lv_obj_style_gen.o(.text.lv_obj_set_style_line_opa), (10 bytes).
    Removing lv_obj_style_gen.o(.ARM.exidx.text.lv_obj_set_style_line_opa), (8 bytes).
    Removing lv_obj_style_gen.o(.text.lv_obj_set_style_arc_width), (10 bytes).
    Removing lv_obj_style_gen.o(.ARM.exidx.text.lv_obj_set_style_arc_width), (8 bytes).
    Removing lv_obj_style_gen.o(.text.lv_obj_set_style_arc_rounded), (10 bytes).
    Removing lv_obj_style_gen.o(.ARM.exidx.text.lv_obj_set_style_arc_rounded), (8 bytes).
    Removing lv_obj_style_gen.o(.text.lv_obj_set_style_arc_color), (10 bytes).
    Removing lv_obj_style_gen.o(.ARM.exidx.text.lv_obj_set_style_arc_color), (8 bytes).
    Removing lv_obj_style_gen.o(.text.lv_obj_set_style_arc_opa), (10 bytes).
    Removing lv_obj_style_gen.o(.ARM.exidx.text.lv_obj_set_style_arc_opa), (8 bytes).
    Removing lv_obj_style_gen.o(.text.lv_obj_set_style_arc_img_src), (10 bytes).
    Removing lv_obj_style_gen.o(.ARM.exidx.text.lv_obj_set_style_arc_img_src), (8 bytes).
    Removing lv_obj_style_gen.o(.text.lv_obj_set_style_text_color), (10 bytes).
    Removing lv_obj_style_gen.o(.ARM.exidx.text.lv_obj_set_style_text_color), (8 bytes).
    Removing lv_obj_style_gen.o(.text.lv_obj_set_style_text_opa), (10 bytes).
    Removing lv_obj_style_gen.o(.ARM.exidx.text.lv_obj_set_style_text_opa), (8 bytes).
    Removing lv_obj_style_gen.o(.text.lv_obj_set_style_text_font), (10 bytes).
    Removing lv_obj_style_gen.o(.ARM.exidx.text.lv_obj_set_style_text_font), (8 bytes).
    Removing lv_obj_style_gen.o(.text.lv_obj_set_style_text_letter_space), (10 bytes).
    Removing lv_obj_style_gen.o(.ARM.exidx.text.lv_obj_set_style_text_letter_space), (8 bytes).
    Removing lv_obj_style_gen.o(.text.lv_obj_set_style_text_line_space), (10 bytes).
    Removing lv_obj_style_gen.o(.ARM.exidx.text.lv_obj_set_style_text_line_space), (8 bytes).
    Removing lv_obj_style_gen.o(.text.lv_obj_set_style_text_decor), (10 bytes).
    Removing lv_obj_style_gen.o(.ARM.exidx.text.lv_obj_set_style_text_decor), (8 bytes).
    Removing lv_obj_style_gen.o(.text.lv_obj_set_style_text_align), (10 bytes).
    Removing lv_obj_style_gen.o(.ARM.exidx.text.lv_obj_set_style_text_align), (8 bytes).
    Removing lv_obj_style_gen.o(.text.lv_obj_set_style_radius), (10 bytes).
    Removing lv_obj_style_gen.o(.ARM.exidx.text.lv_obj_set_style_radius), (8 bytes).
    Removing lv_obj_style_gen.o(.text.lv_obj_set_style_clip_corner), (10 bytes).
    Removing lv_obj_style_gen.o(.ARM.exidx.text.lv_obj_set_style_clip_corner), (8 bytes).
    Removing lv_obj_style_gen.o(.text.lv_obj_set_style_opa), (10 bytes).
    Removing lv_obj_style_gen.o(.ARM.exidx.text.lv_obj_set_style_opa), (8 bytes).
    Removing lv_obj_style_gen.o(.text.lv_obj_set_style_color_filter_dsc), (10 bytes).
    Removing lv_obj_style_gen.o(.ARM.exidx.text.lv_obj_set_style_color_filter_dsc), (8 bytes).
    Removing lv_obj_style_gen.o(.text.lv_obj_set_style_color_filter_opa), (10 bytes).
    Removing lv_obj_style_gen.o(.ARM.exidx.text.lv_obj_set_style_color_filter_opa), (8 bytes).
    Removing lv_obj_style_gen.o(.text.lv_obj_set_style_anim), (10 bytes).
    Removing lv_obj_style_gen.o(.ARM.exidx.text.lv_obj_set_style_anim), (8 bytes).
    Removing lv_obj_style_gen.o(.text.lv_obj_set_style_anim_time), (10 bytes).
    Removing lv_obj_style_gen.o(.ARM.exidx.text.lv_obj_set_style_anim_time), (8 bytes).
    Removing lv_obj_style_gen.o(.text.lv_obj_set_style_anim_speed), (10 bytes).
    Removing lv_obj_style_gen.o(.ARM.exidx.text.lv_obj_set_style_anim_speed), (8 bytes).
    Removing lv_obj_style_gen.o(.text.lv_obj_set_style_transition), (10 bytes).
    Removing lv_obj_style_gen.o(.ARM.exidx.text.lv_obj_set_style_transition), (8 bytes).
    Removing lv_obj_style_gen.o(.text.lv_obj_set_style_blend_mode), (10 bytes).
    Removing lv_obj_style_gen.o(.ARM.exidx.text.lv_obj_set_style_blend_mode), (8 bytes).
    Removing lv_obj_style_gen.o(.text.lv_obj_set_style_layout), (10 bytes).
    Removing lv_obj_style_gen.o(.ARM.exidx.text.lv_obj_set_style_layout), (8 bytes).
    Removing lv_obj_style_gen.o(.text.lv_obj_set_style_base_dir), (10 bytes).
    Removing lv_obj_style_gen.o(.ARM.exidx.text.lv_obj_set_style_base_dir), (8 bytes).
    Removing lv_obj_tree.o(.text), (0 bytes).
    Removing lv_obj_tree.o(.text.lv_obj_del), (282 bytes).
    Removing lv_obj_tree.o(.ARM.exidx.text.lv_obj_del), (8 bytes).
    Removing lv_obj_tree.o(.text.lv_obj_get_parent), (10 bytes).
    Removing lv_obj_tree.o(.ARM.exidx.text.lv_obj_get_parent), (8 bytes).
    Removing lv_obj_tree.o(.text.lv_obj_get_disp), (188 bytes).
    Removing lv_obj_tree.o(.ARM.exidx.text.lv_obj_get_disp), (8 bytes).
    Removing lv_obj_tree.o(.text.obj_del_core), (764 bytes).
    Removing lv_obj_tree.o(.ARM.exidx.text.obj_del_core), (8 bytes).
    Removing lv_obj_tree.o(.text.lv_obj_clean), (56 bytes).
    Removing lv_obj_tree.o(.ARM.exidx.text.lv_obj_clean), (8 bytes).
    Removing lv_obj_tree.o(.text.lv_obj_get_child), (32 bytes).
    Removing lv_obj_tree.o(.ARM.exidx.text.lv_obj_get_child), (8 bytes).
    Removing lv_obj_tree.o(.text.lv_obj_del_delayed), (50 bytes).
    Removing lv_obj_tree.o(.ARM.exidx.text.lv_obj_del_delayed), (8 bytes).
    Removing lv_obj_tree.o(.text.lv_obj_del_anim_ready_cb), (6 bytes).
    Removing lv_obj_tree.o(.ARM.exidx.text.lv_obj_del_anim_ready_cb), (8 bytes).
    Removing lv_obj_tree.o(.text.lv_obj_del_async), (14 bytes).
    Removing lv_obj_tree.o(.ARM.exidx.text.lv_obj_del_async), (8 bytes).
    Removing lv_obj_tree.o(.text.lv_obj_del_async_cb), (4 bytes).
    Removing lv_obj_tree.o(.ARM.exidx.text.lv_obj_del_async_cb), (8 bytes).
    Removing lv_obj_tree.o(.text.lv_obj_set_parent), (262 bytes).
    Removing lv_obj_tree.o(.ARM.exidx.text.lv_obj_set_parent), (8 bytes).
    Removing lv_obj_tree.o(.text.lv_obj_get_index), (86 bytes).
    Removing lv_obj_tree.o(.ARM.exidx.text.lv_obj_get_index), (8 bytes).
    Removing lv_obj_tree.o(.text.lv_obj_get_child_cnt), (12 bytes).
    Removing lv_obj_tree.o(.ARM.exidx.text.lv_obj_get_child_cnt), (8 bytes).
    Removing lv_obj_tree.o(.text.lv_obj_move_to_index), (494 bytes).
    Removing lv_obj_tree.o(.ARM.exidx.text.lv_obj_move_to_index), (8 bytes).
    Removing lv_obj_tree.o(.text.lv_obj_swap), (286 bytes).
    Removing lv_obj_tree.o(.ARM.exidx.text.lv_obj_swap), (8 bytes).
    Removing lv_obj_tree.o(.text.lv_obj_get_screen), (44 bytes).
    Removing lv_obj_tree.o(.ARM.exidx.text.lv_obj_get_screen), (8 bytes).
    Removing lv_obj_tree.o(.text.lv_obj_tree_walk), (4 bytes).
    Removing lv_obj_tree.o(.ARM.exidx.text.lv_obj_tree_walk), (8 bytes).
    Removing lv_obj_tree.o(.text.walk_core), (154 bytes).
    Removing lv_obj_tree.o(.ARM.exidx.text.walk_core), (8 bytes).
    Removing lv_refr.o(.text), (0 bytes).
    Removing lv_refr.o(.text._lv_refr_init), (2 bytes).
    Removing lv_refr.o(.ARM.exidx.text._lv_refr_init), (8 bytes).
    Removing lv_refr.o(.text.lv_refr_now), (64 bytes).
    Removing lv_refr.o(.ARM.exidx.text.lv_refr_now), (8 bytes).
    Removing lv_refr.o(.text._lv_disp_refr_timer), (1158 bytes).
    Removing lv_refr.o(.ARM.exidx.text._lv_disp_refr_timer), (8 bytes).
    Removing lv_refr.o(.text.lv_obj_redraw), (242 bytes).
    Removing lv_refr.o(.ARM.exidx.text.lv_obj_redraw), (8 bytes).
    Removing lv_refr.o(.text.refr_obj), (970 bytes).
    Removing lv_refr.o(.ARM.exidx.text.refr_obj), (8 bytes).
    Removing lv_refr.o(.text._lv_inv_area), (230 bytes).
    Removing lv_refr.o(.ARM.exidx.text._lv_inv_area), (8 bytes).
    Removing lv_refr.o(.text._lv_refr_get_disp_refreshing), (12 bytes).
    Removing lv_refr.o(.ARM.exidx.text._lv_refr_get_disp_refreshing), (8 bytes).
    Removing lv_refr.o(.text._lv_refr_set_disp_refreshing), (12 bytes).
    Removing lv_refr.o(.ARM.exidx.text._lv_refr_set_disp_refreshing), (8 bytes).
    Removing lv_refr.o(.text.refr_area_part), (3642 bytes).
    Removing lv_refr.o(.ARM.exidx.text.refr_area_part), (8 bytes).
    Removing lv_refr.o(.text.lv_refr_get_top_obj), (146 bytes).
    Removing lv_refr.o(.ARM.exidx.text.lv_refr_get_top_obj), (8 bytes).
    Removing lv_refr.o(.text.refr_obj_and_children), (154 bytes).
    Removing lv_refr.o(.ARM.exidx.text.refr_obj_and_children), (8 bytes).
    Removing lv_refr.o(.bss..L_MergedGlobals), (8 bytes).
    Removing lv_theme.o(.text), (0 bytes).
    Removing lv_theme.o(.text.lv_theme_get_from_obj), (28 bytes).
    Removing lv_theme.o(.ARM.exidx.text.lv_theme_get_from_obj), (8 bytes).
    Removing lv_theme.o(.text.lv_theme_apply), (60 bytes).
    Removing lv_theme.o(.ARM.exidx.text.lv_theme_apply), (8 bytes).
    Removing lv_theme.o(.text.apply_theme), (34 bytes).
    Removing lv_theme.o(.ARM.exidx.text.apply_theme), (8 bytes).
    Removing lv_theme.o(.text.lv_theme_set_parent), (4 bytes).
    Removing lv_theme.o(.ARM.exidx.text.lv_theme_set_parent), (8 bytes).
    Removing lv_theme.o(.text.lv_theme_set_apply_cb), (4 bytes).
    Removing lv_theme.o(.ARM.exidx.text.lv_theme_set_apply_cb), (8 bytes).
    Removing lv_theme.o(.text.lv_theme_get_font_small), (36 bytes).
    Removing lv_theme.o(.ARM.exidx.text.lv_theme_get_font_small), (8 bytes).
    Removing lv_theme.o(.text.lv_theme_get_font_normal), (36 bytes).
    Removing lv_theme.o(.ARM.exidx.text.lv_theme_get_font_normal), (8 bytes).
    Removing lv_theme.o(.text.lv_theme_get_font_large), (36 bytes).
    Removing lv_theme.o(.ARM.exidx.text.lv_theme_get_font_large), (8 bytes).
    Removing lv_theme.o(.text.lv_theme_get_color_primary), (42 bytes).
    Removing lv_theme.o(.ARM.exidx.text.lv_theme_get_color_primary), (8 bytes).
    Removing lv_theme.o(.text.lv_theme_get_color_secondary), (42 bytes).
    Removing lv_theme.o(.ARM.exidx.text.lv_theme_get_color_secondary), (8 bytes).

1482 unused section(s) (total 108776 bytes) removed from the image.
